Component: Arm Compiler for Embedded 6.19 Tool: armlink [5e73cb00]

==============================================================================

Section Cross References

    startup_stm32f103xb.o(STACK) refers (Special) to heapauxi.o(.text) for __use_two_region_memory
    startup_stm32f103xb.o(HEAP) refers (Special) to heapauxi.o(.text) for __use_two_region_memory
    startup_stm32f103xb.o(RESET) refers (Special) to heapauxi.o(.text) for __use_two_region_memory
    startup_stm32f103xb.o(RESET) refers to startup_stm32f103xb.o(STACK) for __initial_sp
    startup_stm32f103xb.o(RESET) refers to startup_stm32f103xb.o(.text) for Reset_Handler
    startup_stm32f103xb.o(RESET) refers to stm32f1xx_it.o(.text.NMI_Handler) for NMI_Handler
    startup_stm32f103xb.o(RESET) refers to stm32f1xx_it.o(.text.HardFault_Handler) for HardFault_Handler
    startup_stm32f103xb.o(RESET) refers to stm32f1xx_it.o(.text.MemManage_Handler) for MemManage_Handler
    startup_stm32f103xb.o(RESET) refers to stm32f1xx_it.o(.text.BusFault_Handler) for BusFault_Handler
    startup_stm32f103xb.o(RESET) refers to stm32f1xx_it.o(.text.UsageFault_Handler) for UsageFault_Handler
    startup_stm32f103xb.o(RESET) refers to stm32f1xx_it.o(.text.SVC_Handler) for SVC_Handler
    startup_stm32f103xb.o(RESET) refers to stm32f1xx_it.o(.text.DebugMon_Handler) for DebugMon_Handler
    startup_stm32f103xb.o(RESET) refers to stm32f1xx_it.o(.text.PendSV_Handler) for PendSV_Handler
    startup_stm32f103xb.o(RESET) refers to stm32f1xx_it.o(.text.SysTick_Handler) for SysTick_Handler
    startup_stm32f103xb.o(RESET) refers to stm32f1xx_it.o(.text.USB_LP_CAN1_RX0_IRQHandler) for USB_LP_CAN1_RX0_IRQHandler
    startup_stm32f103xb.o(RESET) refers to stm32f1xx_it.o(.text.TIM2_IRQHandler) for TIM2_IRQHandler
    startup_stm32f103xb.o(RESET) refers to stm32f1xx_it.o(.text.EXTI15_10_IRQHandler) for EXTI15_10_IRQHandler
    startup_stm32f103xb.o(.text) refers (Special) to heapauxi.o(.text) for __use_two_region_memory
    startup_stm32f103xb.o(.text) refers to system_stm32f1xx.o(.text.SystemInit) for SystemInit
    startup_stm32f103xb.o(.text) refers to __main.o(!!!main) for __main
    startup_stm32f103xb.o(.text) refers to startup_stm32f103xb.o(HEAP) for Heap_Mem
    startup_stm32f103xb.o(.text) refers to startup_stm32f103xb.o(STACK) for Stack_Mem
    dmx512.o(.text.clrDmxData) refers to rt_memclr.o(.text) for __aeabi_memclr
    dmx512.o(.ARM.exidx.text.clrDmxData) refers to dmx512.o(.text.clrDmxData) for [Anonymous Symbol]
    dmx512.o(.text.GPIO_Tx_Config_OUT) refers to stm32f1xx_hal_gpio.o(.text.HAL_GPIO_Init) for HAL_GPIO_Init
    dmx512.o(.ARM.exidx.text.GPIO_Tx_Config_OUT) refers to dmx512.o(.text.GPIO_Tx_Config_OUT) for [Anonymous Symbol]
    dmx512.o(.text.GPIO_Tx_Config_AF) refers to stm32f1xx_hal_gpio.o(.text.HAL_GPIO_Init) for HAL_GPIO_Init
    dmx512.o(.ARM.exidx.text.GPIO_Tx_Config_AF) refers to dmx512.o(.text.GPIO_Tx_Config_AF) for [Anonymous Symbol]
    dmx512.o(.ARM.exidx.text.DMX_Delay_us) refers to dmx512.o(.text.DMX_Delay_us) for [Anonymous Symbol]
    dmx512.o(.text.DMX_Break) refers to stm32f1xx_hal_gpio.o(.text.HAL_GPIO_Init) for HAL_GPIO_Init
    dmx512.o(.text.DMX_Break) refers to stm32f1xx_hal_gpio.o(.text.HAL_GPIO_WritePin) for HAL_GPIO_WritePin
    dmx512.o(.text.DMX_Break) refers to main.o(.text.delay_us) for delay_us
    dmx512.o(.text.DMX_Break) refers to main.o(.bss..L_MergedGlobals) for huart2
    dmx512.o(.text.DMX_Break) refers to stm32f1xx_hal_uart.o(.text.HAL_UART_Transmit) for HAL_UART_Transmit
    dmx512.o(.ARM.exidx.text.DMX_Break) refers to dmx512.o(.text.DMX_Break) for [Anonymous Symbol]
    dmx512.o(.text.DMX_Delay1ms) refers to stm32f1xx_hal_gpio.o(.text.HAL_GPIO_Init) for HAL_GPIO_Init
    dmx512.o(.text.DMX_Delay1ms) refers to stm32f1xx_hal_gpio.o(.text.HAL_GPIO_WritePin) for HAL_GPIO_WritePin
    dmx512.o(.text.DMX_Delay1ms) refers to main.o(.text.delay_us) for delay_us
    dmx512.o(.ARM.exidx.text.DMX_Delay1ms) refers to dmx512.o(.text.DMX_Delay1ms) for [Anonymous Symbol]
    dmx512.o(.text.DMX_Send_Packet) refers to main.o(.bss..L_MergedGlobals) for huart2
    dmx512.o(.text.DMX_Send_Packet) refers to stm32f1xx_hal_gpio.o(.text.HAL_GPIO_Init) for HAL_GPIO_Init
    dmx512.o(.text.DMX_Send_Packet) refers to stm32f1xx_hal_gpio.o(.text.HAL_GPIO_WritePin) for HAL_GPIO_WritePin
    dmx512.o(.text.DMX_Send_Packet) refers to main.o(.text.delay_us) for delay_us
    dmx512.o(.text.DMX_Send_Packet) refers to stm32f1xx_hal_uart.o(.text.HAL_UART_Transmit) for HAL_UART_Transmit
    dmx512.o(.ARM.exidx.text.DMX_Send_Packet) refers to dmx512.o(.text.DMX_Send_Packet) for [Anonymous Symbol]
    dmx512.o(.text.DMX_send_ms) refers to dmx512.o(.text.DMX_Send_Packet) for DMX_Send_Packet
    dmx512.o(.text.DMX_send_ms) refers to main.o(.text.delay_ms) for delay_ms
    dmx512.o(.text.DMX_send_ms) refers to rt_memclr.o(.text) for __aeabi_memclr
[...]
    [Anonymous Symbol]                       0x20000250   Section        0  usbd_cdc_if.o(.bss..L_MergedGlobals)
    .L_MergedGlobals                         0x20000258   Data           5  fatfs.o(.bss..L_MergedGlobals)
    [Anonymous Symbol]                       0x20000258   Section        0  fatfs.o(.bss..L_MergedGlobals)
    .L_MergedGlobals                         0x20000260   Data          32  ff.o(.bss..L_MergedGlobals)
    Fsid                                     0x20000260   Data           2  ff.o(.bss..L_MergedGlobals)
    [Anonymous Symbol]                       0x20000260   Section        0  ff.o(.bss..L_MergedGlobals)
    FatFs.0                                  0x20000264   Data           4  ff.o(.bss..L_MergedGlobals)
    Files                                    0x20000268   Data          24  ff.o(.bss..L_MergedGlobals)
    LfnBuf                                   0x20000280   Data         512  ff.o(.bss.LfnBuf)
    [Anonymous Symbol]                       0x20000280   Section        0  ff.o(.bss.LfnBuf)
    USBD_SetConfig.cfgidx                    0x20000480   Data           1  usbd_ctlreq.o(.bss.USBD_SetConfig.cfgidx)
    [Anonymous Symbol]                       0x20000480   Section        0  usbd_ctlreq.o(.bss.USBD_SetConfig.cfgidx)
    USBD_static_malloc.mem                   0x20000684   Data         544  usbd_conf.o(.bss.USBD_static_malloc.mem)
    [Anonymous Symbol]                       0x20000684   Section        0  usbd_conf.o(.bss.USBD_static_malloc.mem)
    Heap_Mem                                 0x20003ff0   Data         512  startup_stm32f103xb.o(HEAP)
    HEAP                                     0x20003ff0   Section      512  startup_stm32f103xb.o(HEAP)
    Stack_Mem                                0x200041f0   Data        1024  startup_stm32f103xb.o(STACK)
    STACK                                    0x200041f0   Section     1024  startup_stm32f103xb.o(STACK)
    __initial_sp                             0x200045f0   Data           0  startup_stm32f103xb.o(STACK)

    Global Symbols

    Symbol Name                              Value     Ov Type        Size  Object(Section)

    BuildAttributes$$THM_ISAv4$P$D$K$B$S$PE$A:L22UL41UL21$X:L11$S22US41US21$IEEE1$IW$~IW$USESV6$~STKCKD$USESV7$~SHL$OTIME$ROPI$EBA8$UX$STANDARDLIB$REQ8$PRES8$EABIv2 0x00000000   Number         0  anon$$obj.o ABSOLUTE
    __fp_init_empty                          0x00000000   Number         0  fpinit_empty.o ABSOLUTE
    __ARM_exceptions_init                     - Undefined Weak Reference
    __alloca_initialize                       - Undefined Weak Reference
    __arm_preinit_                            - Undefined Weak Reference
    __arm_relocate_pie_                       - Undefined Weak Reference
    __cpp_initialize__aeabi_                  - Undefined Weak Reference
    __cxa_finalize                            - Undefined Weak Reference
    __sigvec_lookup                           - Undefined Weak Reference
    _atexit_init                              - Undefined Weak Reference
    _call_atexit_fns                          - Undefined Weak Reference
    _clock_init                               - Undefined Weak Reference
    _fp_trap_init                             - Undefined Weak Reference
    _fp_trap_shutdown                         - Undefined Weak Reference
    _get_lc_collate                           - Undefined Weak Reference
    _get_lc_monetary                          - Undefined Weak Reference
    _get_lc_numeric                           - Undefined Weak Reference
    _get_lc_time                              - Undefined Weak Reference
    _getenv_init                              - Undefined Weak Reference
    _handle_redirection                       - Undefined Weak Reference
    _init_alloc                               - Undefined Weak Reference
    _init_user_alloc                          - Undefined Weak Reference
    _initio                                   - Undefined Weak Reference
    _rand_init                                - Undefined Weak Reference
    _signal_finish                            - Undefined Weak Reference
    _signal_init                              - Undefined Weak Reference
    _terminate_alloc                          - Undefined Weak Reference
    _terminate_user_alloc                     - Undefined Weak Reference
    _terminateio                              - Undefined Weak Reference
    __Vectors_Size                           0x000000ec   Number         0  startup_stm32f103xb.o ABSOLUTE
    __Vectors                                0x08000000   Data           4  startup_stm32f103xb.o(RESET)
    __Vectors_End                            0x080000ec   Data           0  startup_stm32f103xb.o(RESET)
    __main                                   0x080000ed   Thumb Code     8  __main.o(!!!main)
    __scatterload                            0x080000f5   Thumb Code     0  __scatter.o(!!!scatter)
    __scatterload_rt2                        0x080000f5   Thumb Code    44  __scatter.o(!!!scatter)
    __scatterload_rt2_thumb_only             0x080000f5   Thumb Code     0  __scatter.o(!!!scatter)
    __scatterload_null                       0x08000103   Thumb Code     0  __scatter.o(!!!scatter)
    __decompress                             0x08000129   Thumb Code    90  __dczerorl2.o(!!dczerorl2)
    __decompress1                            0x08000129   Thumb Code     0  __dczerorl2.o(!!dczerorl2)
    __scatterload_zeroinit                   0x08000185   Thumb Code    28  __scatter_zi.o(!!handler_zi)
    __rt_lib_init                            0x080001a1   Thumb Code     0  libinit.o(.ARM.Collect$$libinit$$00000000)
    __rt_lib_init_fp_1                       0x080001a3   Thumb Code     0  libinit2.o(.ARM.Collect$$libinit$$00000002)
    __rt_lib_init_heap_1                     0x080001a3   Thumb Code     0  libinit2.o(.ARM.Collect$$libinit$$0000000C)
    __rt_lib_init_lc_common                  0x080001a3   Thumb Code     0  libinit2.o(.ARM.Collect$$libinit$$00000011)
    __rt_lib_init_preinit_1                  0x080001a3   Thumb Code     0  libinit2.o(.ARM.Collect$$libinit$$00000006)
    __rt_lib_init_rand_1                     0x080001a3   Thumb Code     0  libinit2.o(.ARM.Collect$$libinit$$00000010)
    __rt_lib_init_relocate_pie_1             0x080001a3   Thumb Code     0  libinit2.o(.ARM.Collect$$libinit$$00000004)
    __rt_lib_init_user_alloc_1               0x080001a3   Thumb Code     0  libinit2.o(.ARM.Collect$$libinit$$0000000E)
    __rt_lib_init_lc_collate_1               0x080001a9   Thumb Code     0  libinit2.o(.ARM.Collect$$libinit$$00000013)
    __rt_lib_init_lc_ctype_2                 0x080001a9   Thumb Code     0  libinit2.o(.ARM.Collect$$libinit$$00000014)
    __rt_lib_init_alloca_1                   0x080001b5   Thumb Code     0  libinit2.o(.ARM.Collect$$libinit$$00000030)
    __rt_lib_init_argv_1                     0x080001b5   Thumb Code     0  libinit2.o(.ARM.Collect$$libinit$$0000002E)
    __rt_lib_init_atexit_1                   0x080001b5   Thumb Code     0  libinit2.o(.ARM.Collect$$libinit$$0000001D)
    __rt_lib_init_clock_1                    0x080001b5   Thumb Code     0  libinit2.o(.ARM.Collect$$libinit$$00000023)
    __rt_lib_init_cpp_1                      0x080001b5   Thumb Code     0  libinit2.o(.ARM.Collect$$libinit$$00000034)
    __rt_lib_init_exceptions_1               0x080001b5   Thumb Code     0  libinit2.o(.ARM.Collect$$libinit$$00000032)
    __rt_lib_init_fp_trap_1                  0x080001b5   Thumb Code     0  libinit2.o(.ARM.Collect$$libinit$$00000021)
    __rt_lib_init_getenv_1                   0x080001b5   Thumb Code     0  libinit2.o(.ARM.Collect$$libinit$$00000025)
    __rt_lib_init_lc_ctype_1                 0x080001b5   Thumb Code     0  libinit2.o(.ARM.Collect$$libinit$$00000015)
    __rt_lib_init_lc_monetary_1              0x080001b5   Thumb Code     0  libinit2.o(.ARM.Collect$$libinit$$00000017)
    __rt_lib_init_lc_numeric_1               0x080001b5   Thumb Code     0  libinit2.o(.ARM.Collect$$libinit$$00000019)
    __rt_lib_init_lc_time_1                  0x080001b5   Thumb Code     0  libinit2.o(.ARM.Collect$$libinit$$0000001B)
    __rt_lib_init_return                     0x080001b5   Thumb Code     0  libinit2.o(.ARM.Collect$$libinit$$00000035)
    __rt_lib_init_signal_1                   0x080001b5   Thumb Code     0  libinit2.o(.ARM.Collect$$libinit$$0000001F)
    __rt_lib_init_stdio_1                    0x080001b5   Thumb Code     0  libinit2.o(.ARM.Collect$$libinit$$00000027)
    __rt_lib_shutdown                        0x080001b7   Thumb Code     0  libshutdown.o(.ARM.Collect$$libshutdown$$00000000)
    __rt_lib_shutdown_cpp_1                  0x080001b9   Thumb Code     0  libshutdown2.o(.ARM.Collect$$libshutdown$$00000002)
    __rt_lib_shutdown_fp_trap_1              0x080001b9   Thumb Code     0  libshutdown2.o(.ARM.Collect$$libshutdown$$00000007)
    __rt_lib_shutdown_heap_1                 0x080001b9   Thumb Code     0  libshutdown2.o(.ARM.Collect$$libshutdown$$0000000F)
    __rt_lib_shutdown_return                 0x080001b9   Thumb Code     0  libshutdown2.o(.ARM.Collect$$libshutdown$$00000010)
    __rt_lib_shutdown_signal_1               0x080001b9   Thumb Code     0  libshutdown2.o(.ARM.Collect$$libshutdown$$0000000A)
    __rt_lib_shutdown_stdio_1                0x080001b9   Thumb Code     0  libshutdown2.o(.ARM.Collect$$libshutdown$$00000004)
    __rt_lib_shutdown_user_alloc_1           0x080001b9   Thumb Code     0  libshutdown2.o(.ARM.Collect$$libshutdown$$0000000C)
    __rt_entry                               0x080001bb   Thumb Code     0  __rtentry.o(.ARM.Collect$$rtentry$$00000000)
    __rt_entry_presh_1                       0x080001bb   Thumb Code     0  __rtentry2.o(.ARM.Collect$$rtentry$$00000002)
    __rt_entry_sh                            0x080001bb   Thumb Code     0  __rtentry4.o(.ARM.Collect$$rtentry$$00000004)
    __rt_entry_li                            0x080001c1   Thumb Code     0  __rtentry2.o(.ARM.Collect$$rtentry$$0000000A)
    __rt_entry_postsh_1                      0x080001c1   Thumb Code     0  __rtentry2.o(.ARM.Collect$$rtentry$$00000009)
    __rt_entry_main                          0x080001c5   Thumb Code     0  __rtentry2.o(.ARM.Collect$$rtentry$$0000000D)
    __rt_entry_postli_1                      0x080001c5   Thumb Code     0  __rtentry2.o(.ARM.Collect$$rtentry$$0000000C)
    __rt_exit                                0x080001cd   Thumb Code     0  rtexit.o(.ARM.Collect$$rtexit$$00000000)
    __rt_exit_ls                             0x080001cf   Thumb Code     0  rtexit2.o(.ARM.Collect$$rtexit$$00000003)
    __rt_exit_prels_1                        0x080001cf   Thumb Code     0  rtexit2.o(.ARM.Collect$$rtexit$$00000002)
    __rt_exit_exit                           0x080001d3   Thumb Code     0  rtexit2.o(.ARM.Collect$$rtexit$$00000004)
    Reset_Handler                            0x080001d9   Thumb Code     8  startup_stm32f103xb.o(.text)
    ADC1_2_IRQHandler                        0x080001f3   Thumb Code     0  startup_stm32f103xb.o(.text)
    CAN1_RX1_IRQHandler                      0x080001f3   Thumb Code     0  startup_stm32f103xb.o(.text)
    CAN1_SCE_IRQHandler                      0x080001f3   Thumb Code     0  startup_stm32f103xb.o(.text)
    DMA1_Channel1_IRQHandler                 0x080001f3   Thumb Code     0  startup_stm32f103xb.o(.text)
    DMA1_Channel2_IRQHandler                 0x080001f3   Thumb Code     0  startup_stm32f103xb.o(.text)
    DMA1_Channel3_IRQHandler                 0x080001f3   Thumb Code     0  startup_stm32f103xb.o(.text)
    DMA1_Channel4_IRQHandler                 0x080001f3   Thumb Code     0  startup_stm32f103xb.o(.text)
    DMA1_Channel5_IRQHandler                 0x080001f3   Thumb Code     0  startup_stm32f103xb.o(.text)
    DMA1_Channel6_IRQHandler                 0x080001f3   Thumb Code     0  startup_stm32f103xb.o(.text)
    DMA1_Channel7_IRQHandler                 0x080001f3   Thumb Code     0  startup_stm32f103xb.o(.text)
    EXTI0_IRQHandler                         0x080001f3   Thumb Code     0  startup_stm32f103xb.o(.text)
    EXTI1_IRQHandler                         0x080001f3   Thumb Code     0  startup_stm32f103xb.o(.text)
    EXTI2_IRQHandler                         0x080001f3   Thumb Code     0  startup_stm32f103xb.o(.text)
    EXTI3_IRQHandler                         0x080001f3   Thumb Code     0  startup_stm32f103xb.o(.text)
    EXTI4_IRQHandler                         0x080001f3   Thumb Code     0  startup_stm32f103xb.o(.text)
    EXTI9_5_IRQHandler                       0x080001f3   Thumb Code     0  startup_stm32f103xb.o(.text)
    FLASH_IRQHandler                         0x080001f3   Thumb Code     0  startup_stm32f103xb.o(.text)
    I2C1_ER_IRQHandler                       0x080001f3   Thumb Code     0  startup_stm32f103xb.o(.text)
    I2C1_EV_IRQHandler                       0x080001f3   Thumb Code     0  startup_stm32f103xb.o(.text)
    I2C2_ER_IRQHandler                       0x080001f3   Thumb Code     0  startup_stm32f103xb.o(.text)
    I2C2_EV_IRQHandler                       0x080001f3   Thumb Code     0  startup_stm32f103xb.o(.text)
    PVD_IRQHandler                           0x080001f3   Thumb Code     0  startup_stm32f103xb.o(.text)
    RCC_IRQHandler                           0x080001f3   Thumb Code     0  startup_stm32f103xb.o(.text)
    RTC_Alarm_IRQHandler                     0x080001f3   Thumb Code     0  startup_stm32f103xb.o(.text)
    RTC_IRQHandler                           0x080001f3   Thumb Code     0  startup_stm32f103xb.o(.text)
    SPI1_IRQHandler                          0x080001f3   Thumb Code     0  startup_stm32f103xb.o(.text)
    SPI2_IRQHandler                          0x080001f3   Thumb Code     0  startup_stm32f103xb.o(.text)
    TAMPER_IRQHandler                        0x080001f3   Thumb Code     0  startup_stm32f103xb.o(.text)
    TIM1_BRK_IRQHandler                      0x080001f3   Thumb Code     0  startup_stm32f103xb.o(.text)
    TIM1_CC_IRQHandler                       0x080001f3   Thumb Code     0  startup_stm32f103xb.o(.text)
    TIM1_TRG_COM_IRQHandler                  0x080001f3   Thumb Code     0  startup_stm32f103xb.o(.text)
    TIM1_UP_IRQHandler                       0x080001f3   Thumb Code     0  startup_stm32f103xb.o(.text)
    TIM3_IRQHandler                          0x080001f3   Thumb Code     0  startup_stm32f103xb.o(.text)
    TIM4_IRQHandler                          0x080001f3   Thumb Code     0  startup_stm32f103xb.o(.text)
    USART1_IRQHandler                        0x080001f3   Thumb Code     0  startup_stm32f103xb.o(.text)
    USART2_IRQHandler                        0x080001f3   Thumb Code     0  startup_stm32f103xb.o(.text)
    USART3_IRQHandler                        0x080001f3   Thumb Code     0  startup_stm32f103xb.o(.text)
    USBWakeUp_IRQHandler                     0x080001f3   Thumb Code     0  startup_stm32f103xb.o(.text)
    USB_HP_CAN1_TX_IRQHandler                0x080001f3   Thumb Code     0  startup_stm32f103xb.o(.text)
    WWDG_IRQHandler                          0x080001f3   Thumb Code     0  startup_stm32f103xb.o(.text)
    __user_initial_stackheap                 0x080001f5   Thumb Code     0  startup_stm32f103xb.o(.text)
    atoi                                     0x08000219   Thumb Code    26  atoi.o(.text)
    strtok                                   0x08000235   Thumb Code     6  strtok.o(.text)
    memchr                                   0x08000241   Thumb Code    20  memchr.o(.text)
    __aeabi_memcpy                           0x08000255   Thumb Code     0  rt_memcpy_v6.o(.text)
    __rt_memcpy                              0x08000255   Thumb Code   138  rt_memcpy_v6.o(.text)
    _memcpy_lastbytes                        0x080002bb   Thumb Code     0  rt_memcpy_v6.o(.text)
    __aeabi_memcpy4                          0x080002df   Thumb Code     0  rt_memcpy_w.o(.text)
    __aeabi_memcpy8                          0x080002df   Thumb Code     0  rt_memcpy_w.o(.text)
    __rt_memcpy_w                            0x080002df   Thumb Code   100  rt_memcpy_w.o(.text)
    _memcpy_lastbytes_aligned                0x08000327   Thumb Code     0  rt_memcpy_w.o(.text)
    __aeabi_memclr                           0x08000343   Thumb Code     0  rt_memclr.o(.text)
    __rt_memclr                              0x08000343   Thumb Code     0  rt_memclr.o(.text)
    _memset                                  0x08000347   Thumb Code    64  rt_memclr.o(.text)
    __aeabi_memclr4                          0x08000387   Thumb Code     0  rt_memclr_w.o(.text)
    __aeabi_memclr8                          0x08000387   Thumb Code     0  rt_memclr_w.o(.text)
    __rt_memclr_w                            0x08000387   Thumb Code     0  rt_memclr_w.o(.text)
    _memset_w                                0x0800038b   Thumb Code    74  rt_memclr_w.o(.text)
    __use_two_region_memory                  0x080003d5   Thumb Code     2  heapauxi.o(.text)
    __rt_heap_escrow$2region                 0x080003d7   Thumb Code     2  heapauxi.o(.text)
    __rt_heap_expand$2region                 0x080003d9   Thumb Code     2  heapauxi.o(.text)
    __aeabi_errno_addr                       0x080003dd   Thumb Code     8  rt_errno_addr_intlibspace.o(.text)
    __errno$intlibspace                      0x080003dd   Thumb Code     0  rt_errno_addr_intlibspace.o(.text)
    __rt_errno_addr$intlibspace              0x080003dd   Thumb Code     0  rt_errno_addr_intlibspace.o(.text)
    strtol                                   0x080003e5   Thumb Code   112  strtol.o(.text)
    __strtok_internal                        0x08000455   Thumb Code    64  strtok_int.o(.text)
    __user_libspace                          0x08000499   Thumb Code     8  libspace.o(.text)
    __user_perproc_libspace                  0x08000499   Thumb Code     0  libspace.o(.text)
    __user_perthread_libspace                0x08000499   Thumb Code     0  libspace.o(.text)
    __rt_ctype_table                         0x080004a1   Thumb Code    16  rt_ctype_table.o(.text)
    _strtoul                                 0x080004b1   Thumb Code   158  _strtoul.o(.text)
    strcspn                                  0x0800054f   Thumb Code    32  strcspn.o(.text)
    strspn                                   0x0800056f   Thumb Code    28  strspn.o(.text)
    __user_setup_stackheap                   0x0800058b   Thumb Code    74  sys_stackheap_outer.o(.text)
    __rt_locale                              0x080005d5   Thumb Code     8  rt_locale_intlibspace.o(.text)
    _chval                                   0x080005dd   Thumb Code    28  _chval.o(.text)
    exit                                     0x080005f9   Thumb Code    18  exit.o(.text)
    strcmp                                   0x0800060d   Thumb Code   128  strcmpv7m.o(.text)
    _sys_exit                                0x0800068d   Thumb Code     8  sys_exit.o(.text)
    __I$use$semihosting                      0x08000699   Thumb Code     0  use_no_semi.o(.text)
    __use_no_semihosting_swi                 0x08000699   Thumb Code     2  use_no_semi.o(.text)
    __semihosting_library_function           0x0800069b   Thumb Code     0  indicate_semi.o(.text)
    BusFault_Handler                         0x0800069d   Thumb Code     2  stm32f1xx_it.o(.text.BusFault_Handler)
    DMX_Send_Packet                          0x08000785   Thumb Code   208  dmx512.o(.text.DMX_Send_Packet)
    DebugMon_Handler                         0x08000855   Thumb Code     2  stm32f1xx_it.o(.text.DebugMon_Handler)
    EXTI15_10_IRQHandler                     0x08000859   Thumb Code     8  stm32f1xx_it.o(.text.EXTI15_10_IRQHandler)
    Error_Handler                            0x08000861   Thumb Code    10  main.o(.text.Error_Handler)
    FATFS_LinkDriver                         0x0800086d   Thumb Code    76  ff_gen_drv.o(.text.FATFS_LinkDriver)
    HAL_GPIO_EXTI_Callback                   0x080008b9   Thumb Code    32  main.o(.text.HAL_GPIO_EXTI_Callback)
    HAL_GPIO_EXTI_IRQHandler                 0x080008d9   Thumb Code    22  stm32f1xx_hal_gpio.o(.text.HAL_GPIO_EXTI_IRQHandler)
    HAL_GPIO_Init                            0x080008f1   Thumb Code   538  stm32f1xx_hal_gpio.o(.text.HAL_GPIO_Init)
    HAL_GPIO_WritePin                        0x08000b0d   Thumb Code    10  stm32f1xx_hal_gpio.o(.text.HAL_GPIO_WritePin)
    HAL_GetTick                              0x08000b19   Thumb Code    12  stm32f1xx_hal.o(.text.HAL_GetTick)
    HAL_IncTick                              0x08000b25   Thumb Code    26  stm32f1xx_hal.o(.text.HAL_IncTick)
    HAL_Init                                 0x08000b41   Thumb Code    38  stm32f1xx_hal.o(.text.HAL_Init)
    HAL_InitTick                             0x08000b69   Thumb Code    72  stm32f1xx_hal.o(.text.HAL_InitTick)
    HAL_MspInit                              0x08000bb1   Thumb Code    66  stm32f1xx_hal_msp.o(.text.HAL_MspInit)
    HAL_NVIC_EnableIRQ                       0x08000bf5   Thumb Code    38  stm32f1xx_hal_cortex.o(.text.HAL_NVIC_EnableIRQ)
    HAL_NVIC_SetPriority                     0x08000c1d   Thumb Code    86  stm32f1xx_hal_cortex.o(.text.HAL_NVIC_SetPriority)
    HAL_NVIC_SetPriorityGrouping             0x08000c75   Thumb Code    32  stm32f1xx_hal_cortex.o(.text.HAL_NVIC_SetPriorityGrouping)
    HAL_PCDEx_PMAConfig                      0x08000c95   Thumb Code    58  stm32f1xx_hal_pcd_ex.o(.text.HAL_PCDEx_PMAConfig)
    HAL_PCDEx_SetConnectionState             0x08000cd1   Thumb Code     2  usbd_conf.o(.text.HAL_PCDEx_SetConnectionState)
    HAL_PCD_DataInStageCallback              0x08000cd5   Thumb Code    20  usbd_conf.o(.text.HAL_PCD_DataInStageCallback)
    HAL_PCD_DataOutStageCallback             0x08000ce9   Thumb Code    22  usbd_conf.o(.text.HAL_PCD_DataOutStageCallback)
    HAL_PCD_EP_Close                         0x08000d01   Thumb Code    80  stm32f1xx_hal_pcd.o(.text.HAL_PCD_EP_Close)
    HAL_PCD_EP_ClrStall                      0x08000d51   Thumb Code   100  stm32f1xx_hal_pcd.o(.text.HAL_PCD_EP_ClrStall)
    HAL_PCD_EP_GetRxCount                    0x08000db5   Thumb Code    18  stm32f1xx_hal_pcd.o(.text.HAL_PCD_EP_GetRxCount)
    HAL_PCD_EP_Open                          0x08000dc9   Thumb Code    96  stm32f1xx_hal_pcd.o(.text.HAL_PCD_EP_Open)
    HAL_PCD_EP_Receive                       0x08000e29   Thumb Code    50  stm32f1xx_hal_pcd.o(.text.HAL_PCD_EP_Receive)
    HAL_PCD_EP_SetStall                      0x08000e5d   Thumb Code   122  stm32f1xx_hal_pcd.o(.text.HAL_PCD_EP_SetStall)
    HAL_PCD_EP_Transmit                      0x08000ed9   Thumb Code    54  stm32f1xx_hal_pcd.o(.text.HAL_PCD_EP_Transmit)
    HAL_PCD_IRQHandler                       0x08000f11   Thumb Code  2454  stm32f1xx_hal_pcd.o(.text.HAL_PCD_IRQHandler)
    HAL_PCD_Init                             0x080018a9   Thumb Code   232  stm32f1xx_hal_pcd.o(.text.HAL_PCD_Init)
    HAL_PCD_MspInit                          0x08001991   Thumb Code    70  usbd_conf.o(.text.HAL_PCD_MspInit)
    HAL_PCD_ResetCallback                    0x080019d9   Thumb Code    36  usbd_conf.o(.text.HAL_PCD_ResetCallback)
    HAL_PCD_ResumeCallback                   0x080019fd   Thumb Code     8  usbd_conf.o(.text.HAL_PCD_ResumeCallback)
    HAL_PCD_SOFCallback                      0x08001a05   Thumb Code     8  usbd_conf.o(.text.HAL_PCD_SOFCallback)
    HAL_PCD_SetAddress                       0x08001a0d   Thumb Code    40  stm32f1xx_hal_pcd.o(.text.HAL_PCD_SetAddress)
    HAL_PCD_SetupStageCallback               0x08001a35   Thumb Code    14  usbd_conf.o(.text.HAL_PCD_SetupStageCallback)
    HAL_PCD_Start                            0x08001a45   Thumb Code    50  stm32f1xx_hal_pcd.o(.text.HAL_PCD_Start)
    HAL_PCD_SuspendCallback                  0x08001a79   Thumb Code    38  usbd_conf.o(.text.HAL_PCD_SuspendCallback)
    HAL_RCCEx_PeriphCLKConfig                0x08001aa1   Thumb Code   266  stm32f1xx_hal_rcc_ex.o(.text.HAL_RCCEx_PeriphCLKConfig)
    HAL_RCC_ClockConfig                      0x08001bad   Thumb Code   462  stm32f1xx_hal_rcc.o(.text.HAL_RCC_ClockConfig)
    HAL_RCC_GetPCLK1Freq                     0x08001d7d   Thumb Code    38  stm32f1xx_hal_rcc.o(.text.HAL_RCC_GetPCLK1Freq)
    HAL_RCC_GetPCLK2Freq                     0x08001da5   Thumb Code    38  stm32f1xx_hal_rcc.o(.text.HAL_RCC_GetPCLK2Freq)
    HAL_RCC_OscConfig                        0x08001dcd   Thumb Code   948  stm32f1xx_hal_rcc.o(.text.HAL_RCC_OscConfig)
    HAL_SPI_GetState                         0x08002181   Thumb Code     6  stm32f1xx_hal_spi.o(.text.HAL_SPI_GetState)
    HAL_SPI_Init                             0x08002189   Thumb Code   172  stm32f1xx_hal_spi.o(.text.HAL_SPI_Init)
    HAL_SPI_MspInit                          0x08002235   Thumb Code   118  stm32f1xx_hal_msp.o(.text.HAL_SPI_MspInit)
    HAL_SPI_Transmit                         0x080022ad   Thumb Code   508  stm32f1xx_hal_spi.o(.text.HAL_SPI_Transmit)
    HAL_SPI_TransmitReceive                  0x080024a9   Thumb Code   720  stm32f1xx_hal_spi.o(.text.HAL_SPI_TransmitReceive)
    HAL_SYSTICK_Config                       0x08002779   Thumb Code    44  stm32f1xx_hal_cortex.o(.text.HAL_SYSTICK_Config)
    HAL_TIMEx_BreakCallback                  0x080027a5   Thumb Code     2  stm32f1xx_hal_tim_ex.o(.text.HAL_TIMEx_BreakCallback)
    HAL_TIMEx_CommutCallback                 0x080027a9   Thumb Code     2  stm32f1xx_hal_tim_ex.o(.text.HAL_TIMEx_CommutCallback)
    HAL_TIMEx_MasterConfigSynchronization    0x080027ad   Thumb Code   122  stm32f1xx_hal_tim_ex.o(.text.HAL_TIMEx_MasterConfigSynchronization)
    HAL_TIM_Base_Init                        0x08002829   Thumb Code   236  stm32f1xx_hal_tim.o(.text.HAL_TIM_Base_Init)
    HAL_TIM_Base_MspInit                     0x08002915   Thumb Code   102  stm32f1xx_hal_msp.o(.text.HAL_TIM_Base_MspInit)
    HAL_TIM_Base_Start                       0x0800297d   Thumb Code   102  stm32f1xx_hal_tim.o(.text.HAL_TIM_Base_Start)
    HAL_TIM_ConfigClockSource                0x080029e5   Thumb Code   412  stm32f1xx_hal_tim.o(.text.HAL_TIM_ConfigClockSource)
    HAL_TIM_IC_CaptureCallback               0x08002b81   Thumb Code     2  stm32f1xx_hal_tim.o(.text.HAL_TIM_IC_CaptureCallback)
    HAL_TIM_IRQHandler                       0x08002b85   Thumb Code   368  stm32f1xx_hal_tim.o(.text.HAL_TIM_IRQHandler)
    HAL_TIM_OC_DelayElapsedCallback          0x08002cf5   Thumb Code     2  stm32f1xx_hal_tim.o(.text.HAL_TIM_OC_DelayElapsedCallback)
    HAL_TIM_PWM_PulseFinishedCallback        0x08002cf9   Thumb Code     2  stm32f1xx_hal_tim.o(.text.HAL_TIM_PWM_PulseFinishedCallback)
    HAL_TIM_PeriodElapsedCallback            0x08002cfd   Thumb Code    34  main.o(.text.HAL_TIM_PeriodElapsedCallback)
    HAL_TIM_TriggerCallback                  0x08002d21   Thumb Code     2  stm32f1xx_hal_tim.o(.text.HAL_TIM_TriggerCallback)
    HAL_UART_Init                            0x08002d25   Thumb Code   226  stm32f1xx_hal_uart.o(.text.HAL_UART_Init)
    HAL_UART_MspInit                         0x08002e09   Thumb Code   118  stm32f1xx_hal_msp.o(.text.HAL_UART_MspInit)
    HAL_UART_Transmit                        0x08002e81   Thumb Code   632  stm32f1xx_hal_uart.o(.text.HAL_UART_Transmit)
    HardFault_Handler                        0x080030f9   Thumb Code     2  stm32f1xx_it.o(.text.HardFault_Handler)
    MX_FATFS_Init                            0x080030fd   Thumb Code    28  fatfs.o(.text.MX_FATFS_Init)
    MX_USB_DEVICE_Init                       0x08003119   Thumb Code   114  usb_device.o(.text.MX_USB_DEVICE_Init)
    MemManage_Handler                        0x0800318d   Thumb Code     2  stm32f1xx_it.o(.text.MemManage_Handler)
    NMI_Handler                              0x08003191   Thumb Code     2  stm32f1xx_it.o(.text.NMI_Handler)
    PendSV_Handler                           0x08003195   Thumb Code     2  stm32f1xx_it.o(.text.PendSV_Handler)
    SD_disk_initialize                       0x08003ddd   Thumb Code   832  fatfs_sd.o(.text.SD_disk_initialize)
    SD_disk_ioctl                            0x0800411d   Thumb Code   718  fatfs_sd.o(.text.SD_disk_ioctl)
    SD_disk_read                             0x080043ed   Thumb Code   242  fatfs_sd.o(.text.SD_disk_read)
    SD_disk_status                           0x080044e1   Thumb Code    20  fatfs_sd.o(.text.SD_disk_status)
    SD_disk_write                            0x080044f5   Thumb Code   288  fatfs_sd.o(.text.SD_disk_write)
    SVC_Handler                              0x080046f9   Thumb Code     2  stm32f1xx_it.o(.text.SVC_Handler)
    SysTick_Handler                          0x080046fd   Thumb Code    54  stm32f1xx_it.o(.text.SysTick_Handler)
    SystemInit                               0x08004735   Thumb Code     2  system_stm32f1xx.o(.text.SystemInit)
    TIM2_IRQHandler                          0x08004739   Thumb Code    12  stm32f1xx_it.o(.text.TIM2_IRQHandler)
    USBD_CDC_GetDeviceQualifierDescriptor    0x08004835   Thumb Code    16  usbd_cdc.o(.text.USBD_CDC_GetDeviceQualifierDescriptor)
    USBD_CDC_ReceivePacket                   0x080048f9   Thumb Code    44  usbd_cdc.o(.text.USBD_CDC_ReceivePacket)
    USBD_CDC_RegisterInterface               0x08004925   Thumb Code    14  usbd_cdc.o(.text.USBD_CDC_RegisterInterface)
    USBD_CDC_SetRxBuffer                     0x08004935   Thumb Code    12  usbd_cdc.o(.text.USBD_CDC_SetRxBuffer)
    USBD_CDC_SetTxBuffer                     0x08004941   Thumb Code    16  usbd_cdc.o(.text.USBD_CDC_SetTxBuffer)
    USBD_ClrClassConfig                      0x08004a21   Thumb Code    14  usbd_core.o(.text.USBD_ClrClassConfig)
    USBD_CtlContinueRx                       0x08004a31   Thumb Code    16  usbd_ioreq.o(.text.USBD_CtlContinueRx)
    USBD_CtlContinueSendData                 0x08004a41   Thumb Code    16  usbd_ioreq.o(.text.USBD_CtlContinueSendData)
    USBD_CtlError                            0x08004a51   Thumb Code    22  usbd_ctlreq.o(.text.USBD_CtlError)
    USBD_CtlPrepareRx                        0x08004a69   Thumb Code    26  usbd_ioreq.o(.text.USBD_CtlPrepareRx)
    USBD_CtlReceiveStatus                    0x08004a85   Thumb Code    22  usbd_ioreq.o(.text.USBD_CtlReceiveStatus)
    USBD_CtlSendData                         0x08004a9d   Thumb Code    26  usbd_ioreq.o(.text.USBD_CtlSendData)
    USBD_CtlSendStatus                       0x08004ab9   Thumb Code    22  usbd_ioreq.o(.text.USBD_CtlSendStatus)
    USBD_FS_ConfigStrDescriptor              0x08004ad1   Thumb Code    24  usbd_desc.o(.text.USBD_FS_ConfigStrDescriptor)
    USBD_FS_DeviceDescriptor                 0x08004af5   Thumb Code    14  usbd_desc.o(.text.USBD_FS_DeviceDescriptor)
    USBD_FS_InterfaceStrDescriptor           0x08004b05   Thumb Code    24  usbd_desc.o(.text.USBD_FS_InterfaceStrDescriptor)
    USBD_FS_LangIDStrDescriptor              0x08004b2d   Thumb Code    14  usbd_desc.o(.text.USBD_FS_LangIDStrDescriptor)
    USBD_FS_ManufacturerStrDescriptor        0x08004b3d   Thumb Code    24  usbd_desc.o(.text.USBD_FS_ManufacturerStrDescriptor)
    USBD_FS_ProductStrDescriptor             0x08004b65   Thumb Code    24  usbd_desc.o(.text.USBD_FS_ProductStrDescriptor)
    USBD_FS_SerialStrDescriptor              0x08004b91   Thumb Code   364  usbd_desc.o(.text.USBD_FS_SerialStrDescriptor)
    USBD_GetString                           0x08004cfd   Thumb Code   218  usbd_ctlreq.o(.text.USBD_GetString)
    USBD_Init                                0x08004dd9   Thumb Code    48  usbd_core.o(.text.USBD_Init)
    USBD_LL_ClearStallEP                     0x08004e09   Thumb Code    34  usbd_conf.o(.text.USBD_LL_ClearStallEP)
    USBD_LL_CloseEP                          0x08004e2d   Thumb Code    34  usbd_conf.o(.text.USBD_LL_CloseEP)
    USBD_LL_DataInStage                      0x08004e51   Thumb Code   202  usbd_core.o(.text.USBD_LL_DataInStage)
    USBD_LL_DataOutStage                     0x08004f1d   Thumb Code   138  usbd_core.o(.text.USBD_LL_DataOutStage)
    USBD_LL_GetRxDataSize                    0x08004fa9   Thumb Code     8  usbd_conf.o(.text.USBD_LL_GetRxDataSize)
    USBD_LL_Init                             0x08004fb1   Thumb Code   134  usbd_conf.o(.text.USBD_LL_Init)
    USBD_LL_IsStallEP                        0x08005039   Thumb Code    34  usbd_conf.o(.text.USBD_LL_IsStallEP)
    USBD_LL_OpenEP                           0x0800505d   Thumb Code    40  usbd_conf.o(.text.USBD_LL_OpenEP)
    USBD_LL_PrepareReceive                   0x08005085   Thumb Code    34  usbd_conf.o(.text.USBD_LL_PrepareReceive)
    USBD_LL_Reset                            0x080050a9   Thumb Code    84  usbd_core.o(.text.USBD_LL_Reset)
    USBD_LL_Resume                           0x080050fd   Thumb Code    20  usbd_core.o(.text.USBD_LL_Resume)
    USBD_LL_SOF                              0x08005111   Thumb Code    26  usbd_core.o(.text.USBD_LL_SOF)
    USBD_LL_SetSpeed                         0x0800512d   Thumb Code     8  usbd_core.o(.text.USBD_LL_SetSpeed)
    USBD_LL_SetUSBAddress                    0x08005135   Thumb Code    34  usbd_conf.o(.text.USBD_LL_SetUSBAddress)
    USBD_LL_SetupStage                       0x08005159   Thumb Code    98  usbd_core.o(.text.USBD_LL_SetupStage)
    USBD_LL_StallEP                          0x080051bd   Thumb Code    34  usbd_conf.o(.text.USBD_LL_StallEP)
    USBD_LL_Start                            0x080051e1   Thumb Code    34  usbd_conf.o(.text.USBD_LL_Start)
    USBD_LL_Suspend                          0x08005205   Thumb Code    20  usbd_core.o(.text.USBD_LL_Suspend)
    USBD_LL_Transmit                         0x08005219   Thumb Code    34  usbd_conf.o(.text.USBD_LL_Transmit)
    USBD_ParseSetupRequest                   0x0800523d   Thumb Code    22  usbd_ctlreq.o(.text.USBD_ParseSetupRequest)
    USBD_RegisterClass                       0x08005255   Thumb Code    14  usbd_core.o(.text.USBD_RegisterClass)
    USBD_SetClassConfig                      0x08005265   Thumb Code    28  usbd_core.o(.text.USBD_SetClassConfig)
    USBD_Start                               0x08005281   Thumb Code    10  usbd_core.o(.text.USBD_Start)
    USBD_StdDevReq                           0x0800528d   Thumb Code   714  usbd_ctlreq.o(.text.USBD_StdDevReq)
    USBD_StdEPReq                            0x08005559   Thumb Code   326  usbd_ctlreq.o(.text.USBD_StdEPReq)
    USBD_StdItfReq                           0x080056a1   Thumb Code   118  usbd_ctlreq.o(.text.USBD_StdItfReq)
    USBD_static_free                         0x08005719   Thumb Code     2  usbd_conf.o(.text.USBD_static_free)
    USBD_static_malloc                       0x0800571d   Thumb Code    10  usbd_conf.o(.text.USBD_static_malloc)
    USB_ActivateEndpoint                     0x08005729   Thumb Code   588  stm32f1xx_ll_usb.o(.text.USB_ActivateEndpoint)
    USB_CoreInit                             0x08005975   Thumb Code     4  stm32f1xx_ll_usb.o(.text.USB_CoreInit)
    USB_DeactivateEndpoint                   0x08005979   Thumb Code   226  stm32f1xx_ll_usb.o(.text.USB_DeactivateEndpoint)
    USB_DevConnect                           0x08005a5d   Thumb Code     4  stm32f1xx_ll_usb.o(.text.USB_DevConnect)
    USB_DevDisconnect                        0x08005a61   Thumb Code     4  stm32f1xx_ll_usb.o(.text.USB_DevDisconnect)
    USB_DevInit                              0x08005a65   Thumb Code    26  stm32f1xx_ll_usb.o(.text.USB_DevInit)
    USB_DisableGlobalInt                     0x08005a81   Thumb Code    20  stm32f1xx_ll_usb.o(.text.USB_DisableGlobalInt)
    USB_EP0_OutStart                         0x08005a95   Thumb Code     4  stm32f1xx_ll_usb.o(.text.USB_EP0_OutStart)
    USB_EPClearStall                         0x08005a99   Thumb Code   124  stm32f1xx_ll_usb.o(.text.USB_EPClearStall)
    USB_EPSetStall                           0x08005b15   Thumb Code    50  stm32f1xx_ll_usb.o(.text.USB_EPSetStall)
    USB_EPStartXfer                          0x08005b49   Thumb Code  2110  stm32f1xx_ll_usb.o(.text.USB_EPStartXfer)
    USB_EnableGlobalInt                      0x08006389   Thumb Code    20  stm32f1xx_ll_usb.o(.text.USB_EnableGlobalInt)
    USB_LP_CAN1_RX0_IRQHandler               0x0800639d   Thumb Code    12  stm32f1xx_it.o(.text.USB_LP_CAN1_RX0_IRQHandler)
    USB_ReadInterrupts                       0x080063a9   Thumb Code     6  stm32f1xx_ll_usb.o(.text.USB_ReadInterrupts)
    USB_ReadPMA                              0x080063b1   Thumb Code   160  stm32f1xx_ll_usb.o(.text.USB_ReadPMA)
    USB_SetCurrentMode                       0x08006451   Thumb Code     4  stm32f1xx_ll_usb.o(.text.USB_SetCurrentMode)
    USB_SetDevAddress                        0x08006455   Thumb Code    14  stm32f1xx_ll_usb.o(.text.USB_SetDevAddress)
    USB_WritePMA                             0x08006465   Thumb Code   134  stm32f1xx_ll_usb.o(.text.USB_WritePMA)
    USER_initialize                          0x080064ed   Thumb Code     4  user_diskio.o(.text.USER_initialize)
    USER_ioctl                               0x080064f1   Thumb Code     4  user_diskio.o(.text.USER_ioctl)
    USER_read                                0x080064f5   Thumb Code     4  user_diskio.o(.text.USER_read)
    USER_status                              0x080064f9   Thumb Code     4  user_diskio.o(.text.USER_status)
    USER_write                               0x080064fd   Thumb Code     4  user_diskio.o(.text.USER_write)
    UsageFault_Handler                       0x08006501   Thumb Code     2  stm32f1xx_it.o(.text.UsageFault_Handler)
    delay_us                                 0x08006699   Thumb Code    44  main.o(.text.delay_us)
    disk_initialize                          0x08007419   Thumb Code    36  diskio.o(.text.disk_initialize)
    disk_ioctl                               0x0800743d   Thumb Code    22  diskio.o(.text.disk_ioctl)
    disk_read                                0x08007455   Thumb Code    32  diskio.o(.text.disk_read)
    disk_status                              0x08007475   Thumb Code    22  diskio.o(.text.disk_status)
    disk_write                               0x0800748d   Thumb Code    32  diskio.o(.text.disk_write)
    f_close                                  0x080074ad   Thumb Code   112  ff.o(.text.f_close)
    f_gets                                   0x0800751d   Thumb Code   112  ff.o(.text.f_gets)
    f_mount                                  0x0800758d   Thumb Code   278  ff.o(.text.f_mount)
    f_open                                   0x080076a5   Thumb Code   896  ff.o(.text.f_open)
    f_read                                   0x08007a25   Thumb Code   878  ff.o(.text.f_read)
    f_sync                                   0x08007d95   Thumb Code   182  ff.o(.text.f_sync)
    ff_convert                               0x08007e4d   Thumb Code   306  ccsbcs.o(.text.ff_convert)
    ff_wtoupper                              0x08007f81   Thumb Code   150  ccsbcs.o(.text.ff_wtoupper)
    get_fat                                  0x08008ae1   Thumb Code   240  ff.o(.text.get_fat)
    get_fattime                              0x08008bd1   Thumb Code     4  fatfs.o(.text.get_fattime)
    main                                     0x08008bd5   Thumb Code  1308  main.o(.text.main)
    put_fat                                  0x08009195   Thumb Code   292  ff.o(.text.put_fat)
    _get_lc_ctype                            0x080093dd   Thumb Code    44  lc_ctype_c.o(locale$$code)
    AHBPrescTable                            0x08009408   Data          16  system_stm32f1xx.o(.rodata.AHBPrescTable)
    APBPrescTable                            0x08009418   Data           8  system_stm32f1xx.o(.rodata.APBPrescTable)
    Region$$Table$$Base                      0x08009974   Number         0  anon$$obj.o(Region$$Table)
    Region$$Table$$Limit                     0x08009994   Number         0  anon$$obj.o(Region$$Table)
    __ctype                                  0x080099a1   Data           0  lc_ctype_c.o(locale$$data)
    uwTickFreq                               0x20000004   Data           1  stm32f1xx_hal.o(.data..L_MergedGlobals)
    uwTickPrio                               0x20000008   Data           4  stm32f1xx_hal.o(.data..L_MergedGlobals)
    FS_Desc                                  0x2000000c   Data          28  usbd_desc.o(.data.FS_Desc)
    SystemCoreClock                          0x2000002c   Data           4  system_stm32f1xx.o(.data.SystemCoreClock)
    USBD_CDC                                 0x20000030   Data          56  usbd_cdc.o(.data.USBD_CDC)
    USBD_CDC_CfgFSDesc                       0x20000068   Data          67  usbd_cdc.o(.data.USBD_CDC_CfgFSDesc)
    USBD_CDC_CfgHSDesc                       0x200000ac   Data          67  usbd_cdc.o(.data.USBD_CDC_CfgHSDesc)
    USBD_CDC_OtherSpeedCfgDesc               0x200000fc   Data          67  usbd_cdc.o(.data.USBD_CDC_OtherSpeedCfgDesc)
    USBD_FS_DeviceDesc                       0x20000140   Data          18  usbd_desc.o(.data.USBD_FS_DeviceDesc)
    USBD_Interface_fops_FS                   0x20000154   Data          16  usbd_cdc_if.o(.data.USBD_Interface_fops_FS)
    USBD_LangIDDesc                          0x20000164   Data           4  usbd_desc.o(.data.USBD_LangIDDesc)
    USBD_StringSerial                        0x20000168   Data          26  usbd_desc.o(.data.USBD_StringSerial)
    USER_Driver                              0x20000184   Data          20  user_diskio.o(.data.USER_Driver)
    __libspace_start                         0x20000198   Data          96  libspace.o(.bss)
    __temporary_stack_top$libspace           0x200001f8   Data           0  libspace.o(.bss)
    fresult                                  0x200001fd   Data           1  main.o(.bss..L_MergedGlobals)
    Counter                                  0x20000200   Data           4  main.o(.bss..L_MergedGlobals)
    huart2                                   0x20000204   Data          72  main.o(.bss..L_MergedGlobals)
    FatFsCnt                                 0x2000024c   Data           1  stm32f1xx_it.o(.bss..L_MergedGlobals)
    Timer1                                   0x2000024d   Data           1  stm32f1xx_it.o(.bss..L_MergedGlobals)
    Timer2                                   0x2000024e   Data           1  stm32f1xx_it.o(.bss..L_MergedGlobals)
    t1                                       0x20000250   Data           4  usbd_cdc_if.o(.bss..L_MergedGlobals)
    ptr                                      0x20000254   Data           4  usbd_cdc_if.o(.bss..L_MergedGlobals)
    retUSER                                  0x20000258   Data           1  fatfs.o(.bss..L_MergedGlobals)
    USERPath                                 0x20000259   Data           4  fatfs.o(.bss..L_MergedGlobals)
    USBD_StrDesc                             0x20000484   Data         512  usbd_desc.o(.bss.USBD_StrDesc)
    USB_ARR                                  0x200008a4   Data         512  usbd_cdc_if.o(.bss.USB_ARR)
    UserRxBufferFS                           0x20000aa4   Data        1024  usbd_cdc_if.o(.bss.UserRxBufferFS)
    UserTxBufferFS                           0x20000ea4   Data        1024  usbd_cdc_if.o(.bss.UserTxBufferFS)
    buffer                                   0x200012a4   Data        1088  usbd_cdc_if.o(.bss.buffer)
    disk                                     0x200016e4   Data          12  ff_gen_drv.o(.bss.disk)
    dmxData                                  0x200016f0   Data         513  dmx512.o(.bss.dmxData)
    fil                                      0x200018f4   Data        4140  main.o(.bss.fil)
    fs                                       0x20002920   Data        4144  main.o(.bss.fs)
    hUsbDeviceFS                             0x20003950   Data         708  usb_device.o(.bss.hUsbDeviceFS)
    hpcd_USB_FS                              0x20003c14   Data         752  usbd_conf.o(.bss.hpcd_USB_FS)
    hspi1                                    0x20003f04   Data          88  main.o(.bss.hspi1)
    htim2                                    0x20003f5c   Data          72  main.o(.bss.htim2)
    htim4                                    0x20003fa4   Data          72  main.o(.bss.htim4)
    uwTick                                   0x20003fec   Data           4  stm32f1xx_hal.o(.bss.uwTick)



==============================================================================

Memory Map of the image

  Image Entry point : 0x080000ed

  Load Region LR_IROM1 (Base: 0x08000000, Size: 0x00009c40, Max: 0x00010000, ABSOLUTE, COMPRESSED[0x00009b80])

    Execution Region ER_IROM1 (Exec base: 0x08000000, Load base: 0x08000000, Size: 0x00009aa4, Max: 0x00010000, ABSOLUTE)

    Exec Addr    Load Addr    Size         Type   Attr      Idx    E Section Name        Object

    0x08000000   0x08000000   0x000000ec   Data   RO            3    RESET               startup_stm32f103xb.o
    0x080000ec   0x080000ec   0x00000008   Code   RO         1743  * !!!main             c_w.l(__main.o)
    0x080000f4   0x080000f4   0x00000034   Code   RO         1939    !!!scatter          c_w.l(__scatter.o)
    0x08000128   0x08000128   0x0000005a   Code   RO         1937    !!dczerorl2         c_w.l(__dczerorl2.o)
    0x08000182   0x08000182   0x00000002   PAD
    0x08000184   0x08000184   0x0000001c   Code   RO         1941    !!handler_zi        c_w.l(__scatter_zi.o)
    0x080001a0   0x080001a0   0x00000002   Code   RO         1800    .ARM.Collect$$libinit$$00000000  c_w.l(libinit.o)
    0x080001a2   0x080001a2   0x00000000   Code   RO         1806    .ARM.Collect$$libinit$$00000002  c_w.l(libinit2.o)
    0x080001a2   0x080001a2   0x00000000   Code   RO         1808    .ARM.Collect$$libinit$$00000004  c_w.l(libinit2.o)
    0x080001a2   0x080001a2   0x00000000   Code   RO         1810    .ARM.Collect$$libinit$$00000006  c_w.l(libinit2.o)
    0x080001a2   0x080001a2   0x00000000   Code   RO         1813    .ARM.Collect$$libinit$$0000000C  c_w.l(libinit2.o)
    0x080001a2   0x080001a2   0x00000000   Code   RO         1815    .ARM.Collect$$libinit$$0000000E  c_w.l(libinit2.o)
    0x080001a2   0x080001a2   0x00000000   Code   RO         1817    .ARM.Collect$$libinit$$00000010  c_w.l(libinit2.o)
    0x080001a2   0x080001a2   0x00000006   Code   RO         1818    .ARM.Collect$$libinit$$00000011  c_w.l(libinit2.o)
    0x080001a8   0x080001a8   0x00000000   Code   RO         1820    .ARM.Collect$$libinit$$00000013  c_w.l(libinit2.o)
    0x080001a8   0x080001a8   0x0000000c   Code   RO         1821    .ARM.Collect$$libinit$$00000014  c_w.l(libinit2.o)
    0x080001b4   0x080001b4   0x00000000   Code   RO         1822    .ARM.Collect$$libinit$$00000015  c_w.l(libinit2.o)
    0x080001b4   0x080001b4   0x00000000   Code   RO         1824    .ARM.Collect$$libinit$$00000017  c_w.l(libinit2.o)
    0x080001b4   0x080001b4   0x00000000   Code   RO         1826    .ARM.Collect$$libinit$$00000019  c_w.l(libinit2.o)
    0x080001b4   0x080001b4   0x00000000   Code   RO         1828    .ARM.Collect$$libinit$$0000001B  c_w.l(libinit2.o)
    0x080001b4   0x080001b4   0x00000000   Code   RO         1830    .ARM.Collect$$libinit$$0000001D  c_w.l(libinit2.o)
    0x080001b4   0x080001b4   0x00000000   Code   RO         1832    .ARM.Collect$$libinit$$0000001F  c_w.l(libinit2.o)
    0x080001b4   0x080001b4   0x00000000   Code   RO         1834    .ARM.Collect$$libinit$$00000021  c_w.l(libinit2.o)
    0x080001b4   0x080001b4   0x00000000   Code   RO         1836    .ARM.Collect$$libinit$$00000023  c_w.l(libinit2.o)
    0x080001b4   0x080001b4   0x00000000   Code   RO         1838    .ARM.Collect$$libinit$$00000025  c_w.l(libinit2.o)
    0x080001b4   0x080001b4   0x00000000   Code   RO         1840    .ARM.Collect$$libinit$$00000027  c_w.l(libinit2.o)
    0x080001b4   0x080001b4   0x00000000   Code   RO         1844    .ARM.Collect$$libinit$$0000002E  c_w.l(libinit2.o)
    0x080001b4   0x080001b4   0x00000000   Code   RO         1846    .ARM.Collect$$libinit$$00000030  c_w.l(libinit2.o)
    0x080001b4   0x080001b4   0x00000000   Code   RO         1848    .ARM.Collect$$libinit$$00000032  c_w.l(libinit2.o)
    0x080001b4   0x080001b4   0x00000000   Code   RO         1850    .ARM.Collect$$libinit$$00000034  c_w.l(libinit2.o)
    0x080001b4   0x080001b4   0x00000002   Code   RO         1851    .ARM.Collect$$libinit$$00000035  c_w.l(libinit2.o)
    0x080001b6   0x080001b6   0x00000002   Code   RO         1873    .ARM.Collect$$libshutdown$$00000000  c_w.l(libshutdown.o)
    0x080001b8   0x080001b8   0x00000000   Code   RO         1888    .ARM.Collect$$libshutdown$$00000002  c_w.l(libshutdown2.o)
    0x080001b8   0x080001b8   0x00000000   Code   RO         1890    .ARM.Collect$$libshutdown$$00000004  c_w.l(libshutdown2.o)
    0x080001b8   0x080001b8   0x00000000   Code   RO         1893    .ARM.Collect$$libshutdown$$00000007  c_w.l(libshutdown2.o)
    0x080001b8   0x080001b8   0x00000000   Code   RO         1896    .ARM.Collect$$libshutdown$$0000000A  c_w.l(libshutdown2.o)
    0x080001b8   0x080001b8   0x00000000   Code   RO         1898    .ARM.Collect$$libshutdown$$0000000C  c_w.l(libshutdown2.o)
    0x080001b8   0x080001b8   0x00000000   Code   RO         1901    .ARM.Collect$$libshutdown$$0000000F  c_w.l(libshutdown2.o)
    0x080001b8   0x080001b8   0x00000002   Code   RO         1902    .ARM.Collect$$libshutdown$$00000010  c_w.l(libshutdown2.o)
    0x080001ba   0x080001ba   0x00000000   Code   RO         1745    .ARM.Collect$$rtentry$$00000000  c_w.l(__rtentry.o)
    0x080001ba   0x080001ba   0x00000000   Code   RO         1759    .ARM.Collect$$rtentry$$00000002  c_w.l(__rtentry2.o)
    0x080001ba   0x080001ba   0x00000006   Code   RO         1771    .ARM.Collect$$rtentry$$00000004  c_w.l(__rtentry4.o)
    0x080001c0   0x080001c0   0x00000000   Code   RO         1761    .ARM.Collect$$rtentry$$00000009  c_w.l(__rtentry2.o)
    0x080001c0   0x080001c0   0x00000004   Code   RO         1762    .ARM.Collect$$rtentry$$0000000A  c_w.l(__rtentry2.o)
    0x080001c4   0x080001c4   0x00000000   Code   RO         1764    .ARM.Collect$$rtentry$$0000000C  c_w.l(__rtentry2.o)
    0x080001c4   0x080001c4   0x00000008   Code   RO         1765    .ARM.Collect$$rtentry$$0000000D  c_w.l(__rtentry2.o)
    0x080001cc   0x080001cc   0x00000002   Code   RO         1801    .ARM.Collect$$rtexit$$00000000  c_w.l(rtexit.o)
    0x080001ce   0x080001ce   0x00000000   Code   RO         1853    .ARM.Collect$$rtexit$$00000002  c_w.l(rtexit2.o)
    0x080001ce   0x080001ce   0x00000004   Code   RO         1854    .ARM.Collect$$rtexit$$00000003  c_w.l(rtexit2.o)
    0x080001d2   0x080001d2   0x00000006   Code   RO         1855    .ARM.Collect$$rtexit$$00000004  c_w.l(rtexit2.o)
    0x080001d8   0x080001d8   0x00000040   Code   RO            4    .text               startup_stm32f103xb.o
    0x08000218   0x08000218   0x0000001a   Code   RO         1722    .text               c_w.l(atoi.o)
    0x08000232   0x08000232   0x00000002   PAD
    0x08000234   0x08000234   0x0000000c   Code   RO         1724    .text               c_w.l(strtok.o)
    0x08000240   0x08000240   0x00000014   Code   RO         1729    .text               c_w.l(memchr.o)
    0x08000254   0x08000254   0x0000008a   Code   RO         1731    .text               c_w.l(rt_memcpy_v6.o)
    0x080002de   0x080002de   0x00000064   Code   RO         1733    .text               c_w.l(rt_memcpy_w.o)
    0x08000342   0x08000342   0x00000044   Code   RO         1737    .text               c_w.l(rt_memclr.o)
    0x08000386   0x08000386   0x0000004e   Code   RO         1739    .text               c_w.l(rt_memclr_w.o)
    0x080003d4   0x080003d4   0x00000006   Code   RO         1741    .text               c_w.l(heapauxi.o)
    0x080003da   0x080003da   0x00000002   PAD
    0x080003dc   0x080003dc   0x00000008   Code   RO         1749    .text               c_w.l(rt_errno_addr_intlibspace.o)
    0x080003e4   0x080003e4   0x00000070   Code   RO         1751    .text               c_w.l(strtol.o)
    0x08000454   0x08000454   0x00000044   Code   RO         1753    .text               c_w.l(strtok_int.o)
    0x08000498   0x08000498   0x00000008   Code   RO         1755    .text               c_w.l(libspace.o)
    0x080004a0   0x080004a0   0x00000010   Code   RO         1773    .text               c_w.l(rt_ctype_table.o)
    0x080004b0   0x080004b0   0x0000009e   Code   RO         1775    .text               c_w.l(_strtoul.o)
    0x0800054e   0x0800054e   0x00000020   Code   RO         1777    .text               c_w.l(strcspn.o)
    0x0800056e   0x0800056e   0x0000001c   Code   RO         1779    .text               c_w.l(strspn.o)
    0x0800058a   0x0800058a   0x0000004a   Code   RO         1781    .text               c_w.l(sys_stackheap_outer.o)
    0x080005d4   0x080005d4   0x00000008   Code   RO         1786    .text               c_w.l(rt_locale_intlibspace.o)
    0x080005dc   0x080005dc   0x0000001c   Code   RO         1788    .text               c_w.l(_chval.o)
    0x080005f8   0x080005f8   0x00000012   Code   RO         1793    .text               c_w.l(exit.o)
    0x0800060a   0x0800060a   0x00000002   PAD
    0x0800060c   0x0800060c   0x00000080   Code   RO         1803    .text               c_w.l(strcmpv7m.o)
    0x0800068c   0x0800068c   0x0000000c   Code   RO         1863    .text               c_w.l(sys_exit.o)
    0x08000698   0x08000698   0x00000002   Code   RO         1878    .text               c_w.l(use_no_semi.o)
    0x0800069a   0x0800069a   0x00000000   Code   RO         1880    .text               c_w.l(indicate_semi.o)
    0x0800069a   0x0800069a   0x00000002   PAD
    0x0800069c   0x0800069c   0x00000002   Code   RO          151    .text.BusFault_Handler  stm32f1xx_it.o
    0x0800069e   0x0800069e   0x00000002   PAD
    0x080006a0   0x080006a0   0x00000004   Code   RO         1310    .text.CDC_Control_FS  usbd_cdc_if.o
    0x080006a4   0x080006a4   0x00000004   Code   RO         1308    .text.CDC_DeInit_FS  usbd_cdc_if.o
    0x080006a8   0x080006a8   0x0000002c   Code   RO         1306    .text.CDC_Init_FS   usbd_cdc_if.o
    0x080006d4   0x080006d4   0x000000b0   Code   RO         1312    .text.CDC_Receive_FS  usbd_cdc_if.o
    0x08000784   0x08000784   0x000000d0   Code   RO           23    .text.DMX_Send_Packet  dmx512.o
    0x08000854   0x08000854   0x00000002   Code   RO          157    .text.DebugMon_Handler  stm32f1xx_it.o
    0x08000856   0x08000856   0x00000002   PAD
    0x08000858   0x08000858   0x00000008   Code   RO          167    .text.EXTI15_10_IRQHandler  stm32f1xx_it.o
    0x08000860   0x08000860   0x0000000a   Code   RO          109    .text.Error_Handler  main.o
    0x0800086a   0x0800086a   0x00000002   PAD
    0x0800086c   0x0800086c   0x0000004c   Code   RO         1689    .text.FATFS_LinkDriver  ff_gen_drv.o
    0x080008b8   0x080008b8   0x00000020   Code   RO          113    .text.HAL_GPIO_EXTI_Callback  main.o
    0x080008d8   0x080008d8   0x00000016   Code   RO          493    .text.HAL_GPIO_EXTI_IRQHandler  stm32f1xx_hal_gpio.o
    0x080008ee   0x080008ee   0x00000002   PAD
    0x080008f0   0x080008f0   0x0000021a   Code   RO          481    .text.HAL_GPIO_Init  stm32f1xx_hal_gpio.o
    0x08000b0a   0x08000b0a   0x00000002   PAD
    0x08000b0c   0x08000b0c   0x0000000a   Code   RO          487    .text.HAL_GPIO_WritePin  stm32f1xx_hal_gpio.o
    0x08000b16   0x08000b16   0x00000002   PAD
    0x08000b18   0x08000b18   0x0000000c   Code   RO          381    .text.HAL_GetTick   stm32f1xx_hal.o
    0x08000b24   0x08000b24   0x0000001a   Code   RO          379    .text.HAL_IncTick   stm32f1xx_hal.o
    0x08000b3e   0x08000b3e   0x00000002   PAD
    0x08000b40   0x08000b40   0x00000026   Code   RO          369    .text.HAL_Init      stm32f1xx_hal.o
    0x08000b66   0x08000b66   0x00000002   PAD
    0x08000b68   0x08000b68   0x00000048   Code   RO          371    .text.HAL_InitTick  stm32f1xx_hal.o
    0x08000bb0   0x08000bb0   0x00000042   Code   RO          177    .text.HAL_MspInit   stm32f1xx_hal_msp.o
    0x08000bf2   0x08000bf2   0x00000002   PAD
    0x08000bf4   0x08000bf4   0x00000026   Code   RO          541    .text.HAL_NVIC_EnableIRQ  stm32f1xx_hal_cortex.o
    0x08000c1a   0x08000c1a   0x00000002   PAD
    0x08000c1c   0x08000c1c   0x00000056   Code   RO          539    .text.HAL_NVIC_SetPriority  stm32f1xx_hal_cortex.o
    0x08000c72   0x08000c72   0x00000002   PAD
    0x08000c74   0x08000c74   0x00000020   Code   RO          537    .text.HAL_NVIC_SetPriorityGrouping  stm32f1xx_hal_cortex.o
    0x08000c94   0x08000c94   0x0000003a   Code   RO          289    .text.HAL_PCDEx_PMAConfig  stm32f1xx_hal_pcd_ex.o
    0x08000cce   0x08000cce   0x00000002   PAD
    0x08000cd0   0x08000cd0   0x00000002   Code   RO         1390    .text.HAL_PCDEx_SetConnectionState  usbd_conf.o
    0x08000cd2   0x08000cd2   0x00000002   PAD
    0x08000cd4   0x08000cd4   0x00000014   Code   RO         1338    .text.HAL_PCD_DataInStageCallback  usbd_conf.o
    0x08000ce8   0x08000ce8   0x00000016   Code   RO         1336    .text.HAL_PCD_DataOutStageCallback  usbd_conf.o
    0x08000cfe   0x08000cfe   0x00000002   PAD
    0x08000d00   0x08000d00   0x00000050   Code   RO          259    .text.HAL_PCD_EP_Close  stm32f1xx_hal_pcd.o
    0x08000d50   0x08000d50   0x00000064   Code   RO          269    .text.HAL_PCD_EP_ClrStall  stm32f1xx_hal_pcd.o
    0x08000db4   0x08000db4   0x00000012   Code   RO          263    .text.HAL_PCD_EP_GetRxCount  stm32f1xx_hal_pcd.o
    0x08000dc6   0x08000dc6   0x00000002   PAD
    0x08000dc8   0x08000dc8   0x00000060   Code   RO          257    .text.HAL_PCD_EP_Open  stm32f1xx_hal_pcd.o
    0x08000e28   0x08000e28   0x00000032   Code   RO          261    .text.HAL_PCD_EP_Receive  stm32f1xx_hal_pcd.o
    0x08000e5a   0x08000e5a   0x00000002   PAD
    0x08000e5c   0x08000e5c   0x0000007a   Code   RO          267    .text.HAL_PCD_EP_SetStall  stm32f1xx_hal_pcd.o
    0x08000ed6   0x08000ed6   0x00000002   PAD
    0x08000ed8   0x08000ed8   0x00000036   Code   RO          265    .text.HAL_PCD_EP_Transmit  stm32f1xx_hal_pcd.o
    0x08000f0e   0x08000f0e   0x00000002   PAD
    0x08000f10   0x08000f10   0x00000996   Code   RO          225    .text.HAL_PCD_IRQHandler  stm32f1xx_hal_pcd.o
    0x080018a6   0x080018a6   0x00000002   PAD
    0x080018a8   0x080018a8   0x000000e8   Code   RO          213    .text.HAL_PCD_Init  stm32f1xx_hal_pcd.o
    0x08001990   0x08001990   0x00000046   Code   RO         1330    .text.HAL_PCD_MspInit  usbd_conf.o
    0x080019d6   0x080019d6   0x00000002   PAD
    0x080019d8   0x080019d8   0x00000024   Code   RO         1342    .text.HAL_PCD_ResetCallback  usbd_conf.o
    0x080019fc   0x080019fc   0x00000008   Code   RO         1346    .text.HAL_PCD_ResumeCallback  usbd_conf.o
    0x08001a04   0x08001a04   0x00000008   Code   RO         1340    .text.HAL_PCD_SOFCallback  usbd_conf.o
    0x08001a0c   0x08001a0c   0x00000028   Code   RO          229    .text.HAL_PCD_SetAddress  stm32f1xx_hal_pcd.o
    0x08001a34   0x08001a34   0x0000000e   Code   RO         1334    .text.HAL_PCD_SetupStageCallback  usbd_conf.o
    0x08001a42   0x08001a42   0x00000002   PAD
    0x08001a44   0x08001a44   0x00000032   Code   RO          221    .text.HAL_PCD_Start  stm32f1xx_hal_pcd.o
    0x08001a76   0x08001a76   0x00000002   PAD
    0x08001a78   0x08001a78   0x00000026   Code   RO         1344    .text.HAL_PCD_SuspendCallback  usbd_conf.o
    0x08001a9e   0x08001a9e   0x00000002   PAD
    0x08001aa0   0x08001aa0   0x0000010a   Code   RO          467    .text.HAL_RCCEx_PeriphCLKConfig  stm32f1xx_hal_rcc_ex.o
    0x08001baa   0x08001baa   0x00000002   PAD
    0x08001bac   0x08001bac   0x000001ce   Code   RO          433    .text.HAL_RCC_ClockConfig  stm32f1xx_hal_rcc.o
    0x08001d7a   0x08001d7a   0x00000002   PAD
    0x08001d7c   0x08001d7c   0x00000026   Code   RO          445    .text.HAL_RCC_GetPCLK1Freq  stm32f1xx_hal_rcc.o
    0x08001da2   0x08001da2   0x00000002   PAD
    0x08001da4   0x08001da4   0x00000026   Code   RO          447    .text.HAL_RCC_GetPCLK2Freq  stm32f1xx_hal_rcc.o
    0x08001dca   0x08001dca   0x00000002   PAD
    0x08001dcc   0x08001dcc   0x000003b4   Code   RO          431    .text.HAL_RCC_OscConfig  stm32f1xx_hal_rcc.o
    0x08002180   0x08002180   0x00000006   Code   RO          796    .text.HAL_SPI_GetState  stm32f1xx_hal_spi.o
    0x08002186   0x08002186   0x00000002   PAD
    0x08002188   0x08002188   0x000000ac   Code   RO          702    .text.HAL_SPI_Init  stm32f1xx_hal_spi.o
    0x08002234   0x08002234   0x00000076   Code   RO          179    .text.HAL_SPI_MspInit  stm32f1xx_hal_msp.o
    0x080022aa   0x080022aa   0x00000002   PAD
    0x080022ac   0x080022ac   0x000001fc   Code   RO          710    .text.HAL_SPI_Transmit  stm32f1xx_hal_spi.o
    0x080024a8   0x080024a8   0x000002d0   Code   RO          714    .text.HAL_SPI_TransmitReceive  stm32f1xx_hal_spi.o
    0x08002778   0x08002778   0x0000002c   Code   RO          549    .text.HAL_SYSTICK_Config  stm32f1xx_hal_cortex.o
    0x080027a4   0x080027a4   0x00000002   Code   RO         1121    .text.HAL_TIMEx_BreakCallback  stm32f1xx_hal_tim_ex.o
    0x080027a6   0x080027a6   0x00000002   PAD
    0x080027a8   0x080027a8   0x00000002   Code   RO         1117    .text.HAL_TIMEx_CommutCallback  stm32f1xx_hal_tim_ex.o
    0x080027aa   0x080027aa   0x00000002   PAD
    0x080027ac   0x080027ac   0x0000007a   Code   RO         1111    .text.HAL_TIMEx_MasterConfigSynchronization  stm32f1xx_hal_tim_ex.o
    0x08002826   0x08002826   0x00000002   PAD
    0x08002828   0x08002828   0x000000ec   Code   RO          816    .text.HAL_TIM_Base_Init  stm32f1xx_hal_tim.o
    0x08002914   0x08002914   0x00000066   Code   RO          183    .text.HAL_TIM_Base_MspInit  stm32f1xx_hal_msp.o
    0x0800297a   0x0800297a   0x00000002   PAD
    0x0800297c   0x0800297c   0x00000066   Code   RO          826    .text.HAL_TIM_Base_Start  stm32f1xx_hal_tim.o
    0x080029e2   0x080029e2   0x00000002   PAD
    0x080029e4   0x080029e4   0x0000019c   Code   RO          996    .text.HAL_TIM_ConfigClockSource  stm32f1xx_hal_tim.o
    0x08002b80   0x08002b80   0x00000002   Code   RO          952    .text.HAL_TIM_IC_CaptureCallback  stm32f1xx_hal_tim.o
    0x08002b82   0x08002b82   0x00000002   PAD
    0x08002b84   0x08002b84   0x00000170   Code   RO          950    .text.HAL_TIM_IRQHandler  stm32f1xx_hal_tim.o
    0x08002cf4   0x08002cf4   0x00000002   Code   RO          954    .text.HAL_TIM_OC_DelayElapsedCallback  stm32f1xx_hal_tim.o
    0x08002cf6   0x08002cf6   0x00000002   PAD
    0x08002cf8   0x08002cf8   0x00000002   Code   RO          956    .text.HAL_TIM_PWM_PulseFinishedCallback  stm32f1xx_hal_tim.o
    0x08002cfa   0x08002cfa   0x00000002   PAD
    0x08002cfc   0x08002cfc   0x00000022   Code   RO          115    .text.HAL_TIM_PeriodElapsedCallback  main.o
    0x08002d1e   0x08002d1e   0x00000002   PAD
    0x08002d20   0x08002d20   0x00000002   Code   RO          960    .text.HAL_TIM_TriggerCallback  stm32f1xx_hal_tim.o
    0x08002d22   0x08002d22   0x00000002   PAD
    0x08002d24   0x08002d24   0x000000e2   Code   RO         1135    .text.HAL_UART_Init  stm32f1xx_hal_uart.o
    0x08002e06   0x08002e06   0x00000002   PAD
    0x08002e08   0x08002e08   0x00000076   Code   RO          187    .text.HAL_UART_MspInit  stm32f1xx_hal_msp.o
    0x08002e7e   0x08002e7e   0x00000002   PAD
    0x08002e80   0x08002e80   0x00000278   Code   RO         1149    .text.HAL_UART_Transmit  stm32f1xx_hal_uart.o
    0x080030f8   0x080030f8   0x00000002   Code   RO          147    .text.HardFault_Handler  stm32f1xx_it.o
    0x080030fa   0x080030fa   0x00000002   PAD
    0x080030fc   0x080030fc   0x0000001c   Code   RO         1554    .text.MX_FATFS_Init  fatfs.o
    0x08003118   0x08003118   0x00000072   Code   RO         1270    .text.MX_USB_DEVICE_Init  usb_device.o
    0x0800318a   0x0800318a   0x00000002   PAD
    0x0800318c   0x0800318c   0x00000002   Code   RO          149    .text.MemManage_Handler  stm32f1xx_it.o
    0x0800318e   0x0800318e   0x00000002   PAD
    0x08003190   0x08003190   0x00000002   Code   RO          145    .text.NMI_Handler   stm32f1xx_it.o
    0x08003192   0x08003192   0x00000002   PAD
    0x08003194   0x08003194   0x00000002   Code   RO          159    .text.PendSV_Handler  stm32f1xx_it.o
    0x08003196   0x08003196   0x00000002   PAD
    0x08003198   0x08003198   0x00000342   Code   RO           73    .text.SD_PowerOn    fatfs_sd.o
    0x080034da   0x080034da   0x00000002   PAD
    0x080034dc   0x080034dc   0x000000a0   Code   RO           89    .text.SD_ReadyWait  fatfs_sd.o
    0x0800357c   0x0800357c   0x0000016e   Code   RO           81    .text.SD_RxDataBlock  fatfs_sd.o
    0x080036ea   0x080036ea   0x00000002   PAD
    0x080036ec   0x080036ec   0x000004b0   Code   RO           75    .text.SD_SendCmd    fatfs_sd.o
    0x08003b9c   0x08003b9c   0x00000240   Code   RO           85    .text.SD_TxDataBlock  fatfs_sd.o
    0x08003ddc   0x08003ddc   0x00000340   Code   RO           71    .text.SD_disk_initialize  fatfs_sd.o
    0x0800411c   0x0800411c   0x000002ce   Code   RO           87    .text.SD_disk_ioctl  fatfs_sd.o
    0x080043ea   0x080043ea   0x00000002   PAD
    0x080043ec   0x080043ec   0x000000f2   Code   RO           79    .text.SD_disk_read  fatfs_sd.o
    0x080044de   0x080044de   0x00000002   PAD
    0x080044e0   0x080044e0   0x00000014   Code   RO           77    .text.SD_disk_status  fatfs_sd.o
    0x080044f4   0x080044f4   0x00000120   Code   RO           83    .text.SD_disk_write  fatfs_sd.o
    0x08004614   0x08004614   0x000000e4   Code   RO          806    .text.SPI_WaitFlagStateUntilTimeout  stm32f1xx_hal_spi.o
    0x080046f8   0x080046f8   0x00000002   Code   RO          155    .text.SVC_Handler   stm32f1xx_it.o
    0x080046fa   0x080046fa   0x00000002   PAD
    0x080046fc   0x080046fc   0x00000036   Code   RO          161    .text.SysTick_Handler  stm32f1xx_it.o
    0x08004732   0x08004732   0x00000002   PAD
    0x08004734   0x08004734   0x00000002   Code   RO         1255    .text.SystemInit    system_stm32f1xx.o
    0x08004736   0x08004736   0x00000002   PAD
    0x08004738   0x08004738   0x0000000c   Code   RO          165    .text.TIM2_IRQHandler  stm32f1xx_it.o
    0x08004744   0x08004744   0x00000052   Code   RO         1501    .text.USBD_CDC_DataIn  usbd_cdc.o
    0x08004796   0x08004796   0x00000002   PAD
    0x08004798   0x08004798   0x00000030   Code   RO         1503    .text.USBD_CDC_DataOut  usbd_cdc.o
    0x080047c8   0x080047c8   0x00000042   Code   RO         1495    .text.USBD_CDC_DeInit  usbd_cdc.o
    0x0800480a   0x0800480a   0x00000002   PAD
    0x0800480c   0x0800480c   0x00000028   Code   RO         1499    .text.USBD_CDC_EP0_RxReady  usbd_cdc.o
    0x08004834   0x08004834   0x00000010   Code   RO         1511    .text.USBD_CDC_GetDeviceQualifierDescriptor  usbd_cdc.o
    0x08004844   0x08004844   0x00000010   Code   RO         1507    .text.USBD_CDC_GetFSCfgDesc  usbd_cdc.o
    0x08004854   0x08004854   0x00000010   Code   RO         1505    .text.USBD_CDC_GetHSCfgDesc  usbd_cdc.o
    0x08004864   0x08004864   0x00000010   Code   RO         1509    .text.USBD_CDC_GetOtherSpeedCfgDesc  usbd_cdc.o
    0x08004874   0x08004874   0x00000082   Code   RO         1493    .text.USBD_CDC_Init  usbd_cdc.o
    0x080048f6   0x080048f6   0x00000002   PAD
    0x080048f8   0x080048f8   0x0000002c   Code   RO         1521    .text.USBD_CDC_ReceivePacket  usbd_cdc.o
    0x08004924   0x08004924   0x0000000e   Code   RO         1513    .text.USBD_CDC_RegisterInterface  usbd_cdc.o
    0x08004932   0x08004932   0x00000002   PAD
    0x08004934   0x08004934   0x0000000c   Code   RO         1517    .text.USBD_CDC_SetRxBuffer  usbd_cdc.o
    0x08004940   0x08004940   0x00000010   Code   RO         1515    .text.USBD_CDC_SetTxBuffer  usbd_cdc.o
    0x08004950   0x08004950   0x000000ce   Code   RO         1497    .text.USBD_CDC_Setup  usbd_cdc.o
    0x08004a1e   0x08004a1e   0x00000002   PAD
    0x08004a20   0x08004a20   0x0000000e   Code   RO         1416    .text.USBD_ClrClassConfig  usbd_core.o
    0x08004a2e   0x08004a2e   0x00000002   PAD
    0x08004a30   0x08004a30   0x00000010   Code   RO         1477    .text.USBD_CtlContinueRx  usbd_ioreq.o
    0x08004a40   0x08004a40   0x00000010   Code   RO         1473    .text.USBD_CtlContinueSendData  usbd_ioreq.o
    0x08004a50   0x08004a50   0x00000016   Code   RO         1452    .text.USBD_CtlError  usbd_ctlreq.o
    0x08004a66   0x08004a66   0x00000002   PAD
    0x08004a68   0x08004a68   0x0000001a   Code   RO         1475    .text.USBD_CtlPrepareRx  usbd_ioreq.o
    0x08004a82   0x08004a82   0x00000002   PAD
    0x08004a84   0x08004a84   0x00000016   Code   RO         1481    .text.USBD_CtlReceiveStatus  usbd_ioreq.o
    0x08004a9a   0x08004a9a   0x00000002   PAD
    0x08004a9c   0x08004a9c   0x0000001a   Code   RO         1471    .text.USBD_CtlSendData  usbd_ioreq.o
    0x08004ab6   0x08004ab6   0x00000002   PAD
    0x08004ab8   0x08004ab8   0x00000016   Code   RO         1479    .text.USBD_CtlSendStatus  usbd_ioreq.o
    0x08004ace   0x08004ace   0x00000002   PAD
    0x08004ad0   0x08004ad0   0x00000024   Code   RO         1289    .text.USBD_FS_ConfigStrDescriptor  usbd_desc.o
    0x08004af4   0x08004af4   0x0000000e   Code   RO         1279    .text.USBD_FS_DeviceDescriptor  usbd_desc.o
    0x08004b02   0x08004b02   0x00000002   PAD
    0x08004b04   0x08004b04   0x00000028   Code   RO         1291    .text.USBD_FS_InterfaceStrDescriptor  usbd_desc.o
    0x08004b2c   0x08004b2c   0x0000000e   Code   RO         1281    .text.USBD_FS_LangIDStrDescriptor  usbd_desc.o
    0x08004b3a   0x08004b3a   0x00000002   PAD
    0x08004b3c   0x08004b3c   0x00000028   Code   RO         1283    .text.USBD_FS_ManufacturerStrDescriptor  usbd_desc.o
    0x08004b64   0x08004b64   0x0000002c   Code   RO         1285    .text.USBD_FS_ProductStrDescriptor  usbd_desc.o
    0x08004b90   0x08004b90   0x0000016c   Code   RO         1287    .text.USBD_FS_SerialStrDescriptor  usbd_desc.o
    0x08004cfc   0x08004cfc   0x000000da   Code   RO         1460    .text.USBD_GetString  usbd_ctlreq.o
    0x08004dd6   0x08004dd6   0x00000002   PAD
    0x08004dd8   0x08004dd8   0x00000030   Code   RO         1402    .text.USBD_Init     usbd_core.o
    0x08004e08   0x08004e08   0x00000022   Code   RO         1372    .text.USBD_LL_ClearStallEP  usbd_conf.o
    0x08004e2a   0x08004e2a   0x00000002   PAD
    0x08004e2c   0x08004e2c   0x00000022   Code   RO         1366    .text.USBD_LL_CloseEP  usbd_conf.o
    0x08004e4e   0x08004e4e   0x00000002   PAD
    0x08004e50   0x08004e50   0x000000ca   Code   RO         1422    .text.USBD_LL_DataInStage  usbd_core.o
    0x08004f1a   0x08004f1a   0x00000002   PAD
    0x08004f1c   0x08004f1c   0x0000008a   Code   RO         1420    .text.USBD_LL_DataOutStage  usbd_core.o
    0x08004fa6   0x08004fa6   0x00000002   PAD
    0x08004fa8   0x08004fa8   0x00000008   Code   RO         1382    .text.USBD_LL_GetRxDataSize  usbd_conf.o
    0x08004fb0   0x08004fb0   0x00000086   Code   RO         1356    .text.USBD_LL_Init  usbd_conf.o
    0x08005036   0x08005036   0x00000002   PAD
    0x08005038   0x08005038   0x00000022   Code   RO         1374    .text.USBD_LL_IsStallEP  usbd_conf.o
    0x0800505a   0x0800505a   0x00000002   PAD
    0x0800505c   0x0800505c   0x00000028   Code   RO         1364    .text.USBD_LL_OpenEP  usbd_conf.o
    0x08005084   0x08005084   0x00000022   Code   RO         1380    .text.USBD_LL_PrepareReceive  usbd_conf.o
    0x080050a6   0x080050a6   0x00000002   PAD
    0x080050a8   0x080050a8   0x00000054   Code   RO         1424    .text.USBD_LL_Reset  usbd_core.o
    0x080050fc   0x080050fc   0x00000014   Code   RO         1430    .text.USBD_LL_Resume  usbd_core.o
    0x08005110   0x08005110   0x0000001a   Code   RO         1432    .text.USBD_LL_SOF   usbd_core.o
    0x0800512a   0x0800512a   0x00000002   PAD
    0x0800512c   0x0800512c   0x00000008   Code   RO         1426    .text.USBD_LL_SetSpeed  usbd_core.o
    0x08005134   0x08005134   0x00000022   Code   RO         1376    .text.USBD_LL_SetUSBAddress  usbd_conf.o
    0x08005156   0x08005156   0x00000002   PAD
    0x08005158   0x08005158   0x00000062   Code   RO         1418    .text.USBD_LL_SetupStage  usbd_core.o
    0x080051ba   0x080051ba   0x00000002   PAD
    0x080051bc   0x080051bc   0x00000022   Code   RO         1370    .text.USBD_LL_StallEP  usbd_conf.o
    0x080051de   0x080051de   0x00000002   PAD
    0x080051e0   0x080051e0   0x00000022   Code   RO         1360    .text.USBD_LL_Start  usbd_conf.o
    0x08005202   0x08005202   0x00000002   PAD
    0x08005204   0x08005204   0x00000014   Code   RO         1428    .text.USBD_LL_Suspend  usbd_core.o
    0x08005218   0x08005218   0x00000022   Code   RO         1378    .text.USBD_LL_Transmit  usbd_conf.o
    0x0800523a   0x0800523a   0x00000002   PAD
    0x0800523c   0x0800523c   0x00000016   Code   RO         1458    .text.USBD_ParseSetupRequest  usbd_ctlreq.o
    0x08005252   0x08005252   0x00000002   PAD
    0x08005254   0x08005254   0x0000000e   Code   RO         1406    .text.USBD_RegisterClass  usbd_core.o
    0x08005262   0x08005262   0x00000002   PAD
    0x08005264   0x08005264   0x0000001c   Code   RO         1414    .text.USBD_SetClassConfig  usbd_core.o
    0x08005280   0x08005280   0x0000000a   Code   RO         1408    .text.USBD_Start    usbd_core.o
    0x0800528a   0x0800528a   0x00000002   PAD
    0x0800528c   0x0800528c   0x000002ca   Code   RO         1450    .text.USBD_StdDevReq  usbd_ctlreq.o
    0x08005556   0x08005556   0x00000002   PAD
    0x08005558   0x08005558   0x00000146   Code   RO         1456    .text.USBD_StdEPReq  usbd_ctlreq.o
    0x0800569e   0x0800569e   0x00000002   PAD
    0x080056a0   0x080056a0   0x00000076   Code   RO         1454    .text.USBD_StdItfReq  usbd_ctlreq.o
    0x08005716   0x08005716   0x00000002   PAD
    0x08005718   0x08005718   0x00000002   Code   RO         1388    .text.USBD_static_free  usbd_conf.o
    0x0800571a   0x0800571a   0x00000002   PAD
    0x0800571c   0x0800571c   0x0000000a   Code   RO         1386    .text.USBD_static_malloc  usbd_conf.o
    0x08005726   0x08005726   0x00000002   PAD
    0x08005728   0x08005728   0x0000024c   Code   RO          319    .text.USB_ActivateEndpoint  stm32f1xx_ll_usb.o
    0x08005974   0x08005974   0x00000004   Code   RO          305    .text.USB_CoreInit  stm32f1xx_ll_usb.o
    0x08005978   0x08005978   0x000000e2   Code   RO          321    .text.USB_DeactivateEndpoint  stm32f1xx_ll_usb.o
    0x08005a5a   0x08005a5a   0x00000002   PAD
    0x08005a5c   0x08005a5c   0x00000004   Code   RO          337    .text.USB_DevConnect  stm32f1xx_ll_usb.o
    0x08005a60   0x08005a60   0x00000004   Code   RO          339    .text.USB_DevDisconnect  stm32f1xx_ll_usb.o
    0x08005a64   0x08005a64   0x0000001a   Code   RO          313    .text.USB_DevInit   stm32f1xx_ll_usb.o
    0x08005a7e   0x08005a7e   0x00000002   PAD
    0x08005a80   0x08005a80   0x00000014   Code   RO          309    .text.USB_DisableGlobalInt  stm32f1xx_ll_usb.o
    0x08005a94   0x08005a94   0x00000004   Code   RO          353    .text.USB_EP0_OutStart  stm32f1xx_ll_usb.o
    0x08005a98   0x08005a98   0x0000007c   Code   RO          329    .text.USB_EPClearStall  stm32f1xx_ll_usb.o
    0x08005b14   0x08005b14   0x00000032   Code   RO          327    .text.USB_EPSetStall  stm32f1xx_ll_usb.o
    0x08005b46   0x08005b46   0x00000002   PAD
    0x08005b48   0x08005b48   0x0000083e   Code   RO          323    .text.USB_EPStartXfer  stm32f1xx_ll_usb.o
    0x08006386   0x08006386   0x00000002   PAD
    0x08006388   0x08006388   0x00000014   Code   RO          307    .text.USB_EnableGlobalInt  stm32f1xx_ll_usb.o
    0x0800639c   0x0800639c   0x0000000c   Code   RO          163    .text.USB_LP_CAN1_RX0_IRQHandler  stm32f1xx_it.o
    0x080063a8   0x080063a8   0x00000006   Code   RO          341    .text.USB_ReadInterrupts  stm32f1xx_ll_usb.o
    0x080063ae   0x080063ae   0x00000002   PAD
    0x080063b0   0x080063b0   0x000000a0   Code   RO          359    .text.USB_ReadPMA   stm32f1xx_ll_usb.o
    0x08006450   0x08006450   0x00000004   Code   RO          311    .text.USB_SetCurrentMode  stm32f1xx_ll_usb.o
    0x08006454   0x08006454   0x0000000e   Code   RO          335    .text.USB_SetDevAddress  stm32f1xx_ll_usb.o
    0x08006462   0x08006462   0x00000002   PAD
    0x08006464   0x08006464   0x00000086   Code   RO          325    .text.USB_WritePMA  stm32f1xx_ll_usb.o
    0x080064ea   0x080064ea   0x00000002   PAD
    0x080064ec   0x080064ec   0x00000004   Code   RO         1536    .text.USER_initialize  user_diskio.o
    0x080064f0   0x080064f0   0x00000004   Code   RO         1544    .text.USER_ioctl    user_diskio.o
    0x080064f4   0x080064f4   0x00000004   Code   RO         1540    .text.USER_read     user_diskio.o
    0x080064f8   0x080064f8   0x00000004   Code   RO         1538    .text.USER_status   user_diskio.o
    0x080064fc   0x080064fc   0x00000004   Code   RO         1542    .text.USER_write    user_diskio.o
    0x08006500   0x08006500   0x00000002   Code   RO          153    .text.UsageFault_Handler  stm32f1xx_it.o
    0x08006502   0x08006502   0x00000002   PAD
    0x08006504   0x08006504   0x00000072   Code   RO         1668    .text.check_fs      ff.o
    0x08006576   0x08006576   0x00000002   PAD
    0x08006578   0x08006578   0x00000120   Code   RO         1614    .text.create_chain  ff.o
    0x08006698   0x08006698   0x0000002c   Code   RO          111    .text.delay_us      main.o
    0x080066c4   0x080066c4   0x000004a8   Code   RO         1670    .text.dir_find      ff.o
    0x08006b6c   0x08006b6c   0x00000184   Code   RO         1636    .text.dir_next      ff.o
    0x08006cf0   0x08006cf0   0x0000066c   Code   RO         1604    .text.dir_register  ff.o
    0x0800735c   0x0800735c   0x000000ba   Code   RO         1626    .text.dir_sdi       ff.o
    0x08007416   0x08007416   0x00000002   PAD
    0x08007418   0x08007418   0x00000024   Code   RO         1570    .text.disk_initialize  diskio.o
    0x0800743c   0x0800743c   0x00000016   Code   RO         1576    .text.disk_ioctl    diskio.o
    0x08007452   0x08007452   0x00000002   PAD
    0x08007454   0x08007454   0x00000020   Code   RO         1572    .text.disk_read     diskio.o
    0x08007474   0x08007474   0x00000016   Code   RO         1568    .text.disk_status   diskio.o
    0x0800748a   0x0800748a   0x00000002   PAD
    0x0800748c   0x0800748c   0x00000020   Code   RO         1574    .text.disk_write    diskio.o
    0x080074ac   0x080074ac   0x00000070   Code   RO         1620    .text.f_close       ff.o
    0x0800751c   0x0800751c   0x00000070   Code   RO         1660    .text.f_gets        ff.o
    0x0800758c   0x0800758c   0x00000116   Code   RO         1596    .text.f_mount       ff.o
    0x080076a2   0x080076a2   0x00000002   PAD
    0x080076a4   0x080076a4   0x00000380   Code   RO         1600    .text.f_open        ff.o
    0x08007a24   0x08007a24   0x0000036e   Code   RO         1610    .text.f_read        ff.o
    0x08007d92   0x08007d92   0x00000002   PAD
    0x08007d94   0x08007d94   0x000000b6   Code   RO         1616    .text.f_sync        ff.o
    0x08007e4a   0x08007e4a   0x00000002   PAD
    0x08007e4c   0x08007e4c   0x00000132   Code   RO         1707    .text.ff_convert    ccsbcs.o
    0x08007f7e   0x08007f7e   0x00000002   PAD
    0x08007f80   0x08007f80   0x00000096   Code   RO         1709    .text.ff_wtoupper   ccsbcs.o
    0x08008016   0x08008016   0x00000002   PAD
    0x08008018   0x08008018   0x0000050c   Code   RO         1598    .text.find_volume   ff.o
    0x08008524   0x08008524   0x000005bc   Code   RO         1602    .text.follow_path   ff.o
    0x08008ae0   0x08008ae0   0x000000f0   Code   RO         1590    .text.get_fat       ff.o
    0x08008bd0   0x08008bd0   0x00000004   Code   RO         1556    .text.get_fattime   fatfs.o
    0x08008bd4   0x08008bd4   0x00000534   Code   RO          103    .text.main          main.o
    0x08009108   0x08009108   0x0000008a   Code   RO         1592    .text.move_window   ff.o
    0x08009192   0x08009192   0x00000002   PAD
    0x08009194   0x08009194   0x00000124   Code   RO         1594    .text.put_fat       ff.o
    0x080092b8   0x080092b8   0x000000be   Code   RO         1618    .text.sync_fs       ff.o
    0x08009376   0x08009376   0x00000002   PAD
    0x08009378   0x08009378   0x00000062   Code   RO         1650    .text.sync_window   ff.o
    0x080093da   0x080093da   0x00000002   PAD
    0x080093dc   0x080093dc   0x0000002c   Code   RO         1791    locale$$code        c_w.l(lc_ctype_c.o)
    0x08009408   0x08009408   0x00000010   Data   RO         1260    .rodata.AHBPrescTable  system_stm32f1xx.o
    0x08009418   0x08009418   0x00000008   Data   RO         1261    .rodata.APBPrescTable  system_stm32f1xx.o
    0x08009420   0x08009420   0x00000080   Data   RO         1677    .rodata.ExCvt       ff.o
    0x080094a0   0x080094a0   0x00000002   Data   RO          458    .rodata.HAL_RCC_GetSysClockFreq.aPredivFactorTable  stm32f1xx_hal_rcc.o
    0x080094a2   0x080094a2   0x00000100   Data   RO         1711    .rodata.Tbl         ccsbcs.o
    0x080095a2   0x080095a2   0x00000010   Data   RO          457    .rodata.cst16       stm32f1xx_hal_rcc.o
    0x080095b2   0x080095b2   0x00000002   Data   RO          126    .rodata.str1.1      main.o
    0x080095b4   0x080095b4   0x000003c0   Data   RO         1712    .rodata.str2.2      ccsbcs.o
    0x08009974   0x08009974   0x00000020   Data   RO         1936    Region$$Table       anon$$obj.o
    0x08009994   0x08009994   0x00000110   Data   RO         1790    locale$$data        c_w.l(lc_ctype_c.o)


    Execution Region RW_IRAM1 (Exec base: 0x20000000, Load base: 0x08009aa8, Size: 0x000045f0, Max: 0x00005000, ABSOLUTE, COMPRESSED[0x000000d8])

    Exec Addr    Load Addr    Size         Type   Attr      Idx    E Section Name        Object

    0x20000000   COMPRESSED   0x00000004   Data   RW         1725    .data               c_w.l(strtok.o)
    0x20000004   COMPRESSED   0x00000008   Data   RW          420    .data..L_MergedGlobals  stm32f1xx_hal.o
    0x2000000c   COMPRESSED   0x0000001c   Data   RW         1293    .data.FS_Desc       usbd_desc.o
    0x20000028   COMPRESSED   0x00000001   Data   RW           91    .data.Stat          fatfs_sd.o
    0x20000029   COMPRESSED   0x00000003   PAD
    0x2000002c   COMPRESSED   0x00000004   Data   RW         1259    .data.SystemCoreClock  system_stm32f1xx.o
    0x20000030   COMPRESSED   0x00000038   Data   RW         1523    .data.USBD_CDC      usbd_cdc.o
    0x20000068   COMPRESSED   0x00000043   Data   RW         1525    .data.USBD_CDC_CfgFSDesc  usbd_cdc.o
    0x200000ab   COMPRESSED   0x00000001   PAD
    0x200000ac   COMPRESSED   0x00000043   Data   RW         1524    .data.USBD_CDC_CfgHSDesc  usbd_cdc.o
    0x200000ef   COMPRESSED   0x00000001   PAD
    0x200000f0   COMPRESSED   0x0000000a   Data   RW         1527    .data.USBD_CDC_DeviceQualifierDesc  usbd_cdc.o
    0x200000fa   COMPRESSED   0x00000002   PAD
    0x200000fc   COMPRESSED   0x00000043   Data   RW         1526    .data.USBD_CDC_OtherSpeedCfgDesc  usbd_cdc.o
    0x2000013f   COMPRESSED   0x00000001   PAD
    0x20000140   COMPRESSED   0x00000012   Data   RW         1294    .data.USBD_FS_DeviceDesc  usbd_desc.o
    0x20000152   COMPRESSED   0x00000002   PAD
    0x20000154   COMPRESSED   0x00000010   Data   RW         1318    .data.USBD_Interface_fops_FS  usbd_cdc_if.o
    0x20000164   COMPRESSED   0x00000004   Data   RW         1295    .data.USBD_LangIDDesc  usbd_desc.o
    0x20000168   COMPRESSED   0x0000001a   Data   RW         1296    .data.USBD_StringSerial  usbd_desc.o
    0x20000182   COMPRESSED   0x00000002   PAD
    0x20000184   COMPRESSED   0x00000014   Data   RW         1546    .data.USER_Driver   user_diskio.o
    0x20000198        -       0x00000060   Zero   RW         1756    .bss                c_w.l(libspace.o)
    0x200001f8        -       0x00000002   Zero   RW           92    .bss..L_MergedGlobals  fatfs_sd.o
    0x200001fa   COMPRESSED   0x00000002   PAD
    0x200001fc        -       0x00000050   Zero   RW          134    .bss..L_MergedGlobals  main.o
    0x2000024c        -       0x00000003   Zero   RW          169    .bss..L_MergedGlobals  stm32f1xx_it.o
    0x2000024f   COMPRESSED   0x00000001   PAD
    0x20000250        -       0x00000008   Zero   RW         1321    .bss..L_MergedGlobals  usbd_cdc_if.o
    0x20000258        -       0x00000005   Zero   RW         1560    .bss..L_MergedGlobals  fatfs.o
    0x2000025d   COMPRESSED   0x00000003   PAD
    0x20000260        -       0x00000020   Zero   RW         1678    .bss..L_MergedGlobals  ff.o
    0x20000280        -       0x00000200   Zero   RW         1674    .bss.LfnBuf         ff.o
    0x20000480        -       0x00000001   Zero   RW         1462    .bss.USBD_SetConfig.cfgidx  usbd_ctlreq.o
    0x20000481   COMPRESSED   0x00000003   PAD
    0x20000484        -       0x00000200   Zero   RW         1297    .bss.USBD_StrDesc   usbd_desc.o
    0x20000684        -       0x00000220   Zero   RW         1393    .bss.USBD_static_malloc.mem  usbd_conf.o
    0x200008a4        -       0x00000200   Zero   RW         1317    .bss.USB_ARR        usbd_cdc_if.o
    0x20000aa4        -       0x00000400   Zero   RW         1319    .bss.UserRxBufferFS  usbd_cdc_if.o
    0x20000ea4        -       0x00000400   Zero   RW         1320    .bss.UserTxBufferFS  usbd_cdc_if.o
    0x200012a4        -       0x00000440   Zero   RW         1316    .bss.buffer         usbd_cdc_if.o
    0x200016e4        -       0x0000000c   Zero   RW         1697    .bss.disk           ff_gen_drv.o
    0x200016f0        -       0x00000201   Zero   RW           35    .bss.dmxData        dmx512.o
    0x200018f1   COMPRESSED   0x00000003   PAD
    0x200018f4        -       0x0000102c   Zero   RW          127    .bss.fil            main.o
    0x20002920        -       0x00001030   Zero   RW          125    .bss.fs             main.o
    0x20003950        -       0x000002c4   Zero   RW         1272    .bss.hUsbDeviceFS   usb_device.o
    0x20003c14        -       0x000002f0   Zero   RW         1392    .bss.hpcd_USB_FS    usbd_conf.o
    0x20003f04        -       0x00000058   Zero   RW          129    .bss.hspi1          main.o
    0x20003f5c        -       0x00000048   Zero   RW          128    .bss.htim2          main.o
    0x20003fa4        -       0x00000048   Zero   RW          124    .bss.htim4          main.o
    0x20003fec        -       0x00000004   Zero   RW          419    .bss.uwTick         stm32f1xx_hal.o
    0x20003ff0        -       0x00000200   Zero   RW            2    HEAP                startup_stm32f103xb.o
    0x200041f0        -       0x00000400   Zero   RW            1    STACK               startup_stm32f103xb.o


==============================================================================

Image component sizes


      Code (inc. data)   RO Data    RW Data    ZI Data      Debug   Object Name

       456          0       1216          0          0       2262   ccsbcs.o
       144          0          0          0          0       1848   diskio.o
       208          0          0          0        513       5179   dmx512.o
        32          0          0          0          5       1956   fatfs.o
      5236         14          0          1          2      15200   fatfs_sd.o
      9988        106        128          0        544      75164   ff.o
        76          0          0          0         12       3227   ff_gen_drv.o
      1452         24          2          0       8596      16202   main.o
        64         26        236          0       1536        768   startup_stm32f103xb.o
       148          0          0          8          4       5715   stm32f1xx_hal.o
       200          0          0          0          0       8473   stm32f1xx_hal_cortex.o
       570         22          0          0          0       4543   stm32f1xx_hal_gpio.o
       404          0          0          0          0       9154   stm32f1xx_hal_msp.o
      3296          0          0          0          0      16612   stm32f1xx_hal_pcd.o
        58          0          0          0          0       4024   stm32f1xx_hal_pcd_ex.o
      1486          0         18          0          0       7714   stm32f1xx_hal_rcc.o
       266          0          0          0          0       3546   stm32f1xx_hal_rcc_ex.o
      1634          0          0          0          0      24519   stm32f1xx_hal_spi.o
      1126          0          0          0          0      55132   stm32f1xx_hal_tim.o
       126          0          0          0          0      20699   stm32f1xx_hal_tim_ex.o
       858          0          0          0          0      32304   stm32f1xx_hal_uart.o
       102          0          0          0          3       6838   stm32f1xx_it.o
      3498          4          0          0          0      21861   stm32f1xx_ll_usb.o
         2          0         24          4          0       1590   system_stm32f1xx.o
       114          0          0          0        708       2883   usb_device.o
       722          0          0        267          0      10150   usbd_cdc.o
       228          8          0         16       3656       5368   usbd_cdc_if.o
       684          0          0          0       1296      16075   usbd_conf.o
       710          0          0          0          0       7484   usbd_core.o
      1420         38          0          0          1       8309   usbd_ctlreq.o
       552         64          0         76        512       4221   usbd_desc.o
       128          0          0          0          0       4371   usbd_ioreq.o
        20          0          0         20          0       1954   user_diskio.o

    ----------------------------------------------------------------------
     36224        306       1656        404      17400     405345   Object Totals
         0          0         32          0          0          0   (incl. Generated)
       216          0          0         12         12          0   (incl. Padding)

    ----------------------------------------------------------------------

      Code (inc. data)   RO Data    RW Data    ZI Data      Debug   Library Member Name

        90          0          0          0          0          0   __dczerorl2.o
         8          0          0          0          0         68   __main.o
         0          0          0          0          0          0   __rtentry.o
        12          0          0          0          0          0   __rtentry2.o
         6          0          0          0          0          0   __rtentry4.o
        52          8          0          0          0          0   __scatter.o
        28          0          0          0          0          0   __scatter_zi.o
        28          0          0          0          0         68   _chval.o
       158          0          0          0          0         92   _strtoul.o
        26          0          0          0          0         80   atoi.o
        18          0          0          0          0         80   exit.o
         6          0          0          0          0        152   heapauxi.o
         0          0          0          0          0          0   indicate_semi.o
        44         10        272          0          0         76   lc_ctype_c.o
         2          0          0          0          0          0   libinit.o
        20          0          0          0          0          0   libinit2.o
         2          0          0          0          0          0   libshutdown.o
         2          0          0          0          0          0   libshutdown2.o
         8          4          0          0         96         68   libspace.o
        20          0          0          0          0         68   memchr.o
        16          4          0          0          0         76   rt_ctype_table.o
         8          4          0          0          0         68   rt_errno_addr_intlibspace.o
         8          4          0          0          0         68   rt_locale_intlibspace.o
        68          0          0          0          0         68   rt_memclr.o
        78          0          0          0          0         80   rt_memclr_w.o
       138          0          0          0          0         68   rt_memcpy_v6.o
       100          0          0          0          0         80   rt_memcpy_w.o
         2          0          0          0          0          0   rtexit.o
        10          0          0          0          0          0   rtexit2.o
       128          0          0          0          0         68   strcmpv7m.o
        32          0          0          0          0         80   strcspn.o
        28          0          0          0          0         80   strspn.o
        12          6          0          4          0         68   strtok.o
        68          4          0          0          0         84   strtok_int.o
       112          0          0          0          0         88   strtol.o
        12          4          0          0          0         68   sys_exit.o
        74          0          0          0          0         80   sys_stackheap_outer.o
         2          0          0          0          0         68   use_no_semi.o

    ----------------------------------------------------------------------
      1436         48        272          4         96       1944   Library Totals
        10          0          0          0          0          0   (incl. Padding)

    ----------------------------------------------------------------------

      Code (inc. data)   RO Data    RW Data    ZI Data      Debug   Library Name

      1426         48        272          4         96       1944   c_w.l

    ----------------------------------------------------------------------
      1436         48        272          4         96       1944   Library Totals

    ----------------------------------------------------------------------

==============================================================================


      Code (inc. data)   RO Data    RW Data    ZI Data      Debug   

     37660        354       1928        408      17496     405625   Grand Totals
     37660        354       1928        216      17496     405625   ELF Image Totals (compressed)
     37660        354       1928        216          0          0   ROM Totals

==============================================================================

    Total RO  Size (Code + RO Data)                39588 (  38.66kB)
    Total RW  Size (RW Data + ZI Data)             17904 (  17.48kB)
    Total ROM Size (Code + RO Data + RW Data)      39804 (  38.87kB)

==============================================================================

